
  .   ____          _            __ _ _
 /\\ / ___'_ __ _ _(_)_ __  __ _ \ \ \ \
( ( )\___ | '_ | '_| | '_ \/ _` | \ \ \ \
 \\/  ___)| |_)| | | | | || (_| |  ) ) ) )
  '  |____| .__|_| |_|_| |_\__, | / / / /
 =========|_|==============|___/=/_/_/_/

 :: Spring Boot ::               (v3.5.16)

2026-09-28T23:21:31.188-04:00 INFO  [main] io.openfednow.OpenFedNowApplication [req=?,e2e=?,txn=?] Starting OpenFedNowApplication v0.1.0-SNAPSHOT using Java 17.0.20.1 with PID 74410 (/Users/danielmori/Developer/open-fednow-reliability/target/openfednow-0.1.0-SNAPSHOT.jar started by danielmori in /Users/danielmori/Developer/open-fednow-reliability)
2026-09-28T23:21:31.189-04:00 DEBUG [main] io.openfednow.OpenFedNowApplication [req=?,e2e=?,txn=?] Running with Spring Boot v3.5.16, Spring v6.2.19
2026-09-28T23:21:31.189-04:00 INFO  [main] io.openfednow.OpenFedNowApplication [req=?,e2e=?,txn=?] No active profile set, falling back to 1 default profile: "default"
2026-09-28T23:21:31.755-04:00 INFO  [main] o.s.d.r.c.RepositoryConfigurationDelegate [req=?,e2e=?,txn=?] Multiple Spring Data modules found, entering strict repository configuration mode
2026-09-28T23:21:31.756-04:00 INFO  [main] o.s.d.r.c.RepositoryConfigurationDelegate [req=?,e2e=?,txn=?] Bootstrapping Spring Data JPA repositories in DEFAULT mode.
2026-09-28T23:21:31.766-04:00 INFO  [main] o.s.d.r.c.RepositoryConfigurationDelegate [req=?,e2e=?,txn=?] Finished Spring Data repository scanning in 6 ms. Found 0 JPA repository interfaces.
2026-09-28T23:21:31.772-04:00 INFO  [main] o.s.d.r.c.RepositoryConfigurationDelegate [req=?,e2e=?,txn=?] Multiple Spring Data modules found, entering strict repository configuration mode
2026-09-28T23:21:31.772-04:00 INFO  [main] o.s.d.r.c.RepositoryConfigurationDelegate [req=?,e2e=?,txn=?] Bootstrapping Spring Data Redis repositories in DEFAULT mode.
2026-09-28T23:21:31.777-04:00 INFO  [main] o.s.d.r.c.RepositoryConfigurationDelegate [req=?,e2e=?,txn=?] Finished Spring Data repository scanning in 1 ms. Found 0 Redis repository interfaces.
2026-09-28T23:21:32.244-04:00 INFO  [main] o.s.b.w.embedded.tomcat.TomcatWebServer [req=?,e2e=?,txn=?] Tomcat initialized with port 8080 (http)
2026-09-28T23:21:32.249-04:00 INFO  [main] o.apache.coyote.http11.Http11NioProtocol [req=?,e2e=?,txn=?] Initializing ProtocolHandler ["http-nio-8080"]
2026-09-28T23:21:32.250-04:00 INFO  [main] o.apache.catalina.core.StandardService [req=?,e2e=?,txn=?] Starting service [Tomcat]
2026-09-28T23:21:32.250-04:00 INFO  [main] org.apache.catalina.core.StandardEngine [req=?,e2e=?,txn=?] Starting Servlet engine: [Apache Tomcat/10.1.59]
2026-09-28T23:21:32.263-04:00 INFO  [main] o.a.c.c.C.[Tomcat].[localhost].[/] [req=?,e2e=?,txn=?] Initializing Spring embedded WebApplicationContext
2026-09-28T23:21:32.264-04:00 INFO  [main] o.s.b.w.s.c.ServletWebServerApplicationContext [req=?,e2e=?,txn=?] Root WebApplicationContext: initialization completed in 1050 ms
2026-09-28T23:21:32.603-04:00 INFO  [main] org.flywaydb.core.FlywayExecutor [req=?,e2e=?,txn=?] Database: jdbc:postgresql://localhost:5432/openfednow (PostgreSQL 16.15)
2026-09-28T23:21:32.634-04:00 INFO  [main] o.f.core.internal.command.DbValidate [req=?,e2e=?,txn=?] Successfully validated 10 migrations (execution time 00:00.016s)
2026-09-28T23:21:32.655-04:00 INFO  [main] o.f.core.internal.command.DbMigrate [req=?,e2e=?,txn=?] Current version of schema "public": 10
2026-09-28T23:21:32.656-04:00 INFO  [main] o.f.core.internal.command.DbMigrate [req=?,e2e=?,txn=?] Schema "public" is up to date. No migration necessary.
2026-09-28T23:21:32.696-04:00 DEBUG [main] io.openfednow.gateway.CorrelationFilter [req=?,e2e=?,txn=?] Filter 'correlationFilter' configured for use
2026-09-28T23:21:32.698-04:00 DEBUG [main] i.o.gateway.ratelimit.RateLimitFilter [req=?,e2e=?,txn=?] Filter 'rateLimitFilter' configured for use
2026-09-28T23:21:32.698-04:00 DEBUG [main] i.o.g.s.JwsInboundVerificationFilter [req=?,e2e=?,txn=?] Filter 'jwsInboundVerificationFilter' configured for use
2026-09-28T23:21:32.698-04:00 DEBUG [main] i.o.s.audit.AdminAccessAuditFilter [req=?,e2e=?,txn=?] Filter 'adminAccessAuditFilter' configured for use
2026-09-28T23:21:32.904-04:00 INFO  [main] o.s.o.j.p.SpringPersistenceUnitInfo [req=?,e2e=?,txn=?] No LoadTimeWeaver setup: ignoring JPA class transformer
2026-09-28T23:21:33.054-04:00 INFO  [main] o.s.o.j.LocalContainerEntityManagerFactoryBean [req=?,e2e=?,txn=?] Initialized JPA EntityManagerFactory for persistence unit 'default'
2026-09-28T23:21:33.434-04:00 INFO  [main] i.o.reliability.ReliabilityRailConfig [req=?,e2e=?,txn=?] Synthetic reliability rail configured=true
2026-09-28T23:21:33.535-04:00 WARN  [main] o.s.b.a.o.j.JpaBaseConfiguration$JpaWebConfiguration [req=?,e2e=?,txn=?] spring.jpa.open-in-view is enabled by default. Therefore, database queries may be performed during view rendering. Explicitly configure spring.jpa.open-in-view to disable this warning
2026-09-28T23:21:33.703-04:00 INFO  [main] o.s.b.a.e.web.EndpointLinksResolver [req=?,e2e=?,txn=?] Exposing 3 endpoints beneath base path '/actuator'
2026-09-28T23:21:33.725-04:00 INFO  [main] o.s.s.c.a.a.c.InitializeUserDetailsBeanManagerConfigurer$InitializeUserDetailsManagerConfigurer [req=?,e2e=?,txn=?] Global AuthenticationManager configured with UserDetailsService bean with name userDetailsService
2026-09-28T23:21:34.297-04:00 INFO  [main] o.apache.coyote.http11.Http11NioProtocol [req=?,e2e=?,txn=?] Starting ProtocolHandler ["http-nio-8080"]
2026-09-28T23:21:34.302-04:00 INFO  [main] o.s.b.w.embedded.tomcat.TomcatWebServer [req=?,e2e=?,txn=?] Tomcat started on port 8080 (http) with context path '/'
2026-09-28T23:21:34.313-04:00 INFO  [main] io.openfednow.OpenFedNowApplication [req=?,e2e=?,txn=?] Started OpenFedNowApplication in 3.443 seconds (process running for 3.649)
2026-09-28T23:21:34.314-04:00 DEBUG [scheduling-1] i.o.shadowledger.AvailabilityBridge [req=?,e2e=?,txn=?] Core availability poll: mode=ONLINE
2026-09-28T23:21:34.327-04:00 WARN  [main] o.s.core.events.SpringDocAppInitializer [req=?,e2e=?,txn=?] SpringDoc /v3/api-docs endpoint is enabled by default. To disable it in production, set the property 'springdoc.api-docs.enabled=false'
2026-09-28T23:21:34.327-04:00 WARN  [main] o.s.core.events.SpringDocAppInitializer [req=?,e2e=?,txn=?] SpringDoc /swagger-ui.html endpoint is enabled by default. To disable it in production, set the property 'springdoc.swagger-ui.enabled=false'
2026-09-28T23:21:34.328-04:00 INFO  [main] i.o.processing.saga.SagaRecoveryService [req=?,e2e=?,txn=?] Saga recovery: no in-flight sagas found at startup
2026-09-28T23:21:34.329-04:00 INFO  [main] i.o.shadowledger.BalanceSeedService [req=?,e2e=?,txn=?] Shadow Ledger startup seed: no accounts configured (openfednow.shadow-ledger.seed-accounts is empty)
2026-09-28T23:21:34.437-04:00 INFO  [http-nio-8080-exec-1] o.a.c.c.C.[Tomcat].[localhost].[/] [req=?,e2e=?,txn=?] Initializing Spring DispatcherServlet 'dispatcherServlet'
2026-09-28T23:21:34.437-04:00 INFO  [http-nio-8080-exec-1] o.s.web.servlet.DispatcherServlet [req=?,e2e=?,txn=?] Initializing Servlet 'dispatcherServlet'
2026-09-28T23:21:34.438-04:00 INFO  [http-nio-8080-exec-1] o.s.web.servlet.DispatcherServlet [req=?,e2e=?,txn=?] Completed initialization in 1 ms
2026-09-28T23:21:35.791-04:00 WARN  [http-nio-8080-exec-1] i.o.reliability.ReliablePaymentService [req=630dffe3-b112-4f06-8b8e-36d22f2ee6c4,e2e=?,txn=?] Synthetic payment submission unresolved operationId=0e73c5a6-e536-4978-bf4f-2f0ab88edfad cause=org.springframework.web.client.ResourceAccessException: I/O error on POST request for "http://127.0.0.1:8099/submit": Unexpected end of file from server
2026-09-28T23:21:40.093-04:00 WARN  [http-nio-8080-exec-9] i.o.reliability.ReliablePaymentService [req=767d96da-98f5-48a5-91e5-c5804ee2d8d5,e2e=?,txn=?] Synthetic payment submission unresolved operationId=d212efea-085f-45c8-ba05-eaf254c708a3 cause=org.springframework.web.client.ResourceAccessException: I/O error on POST request for "http://127.0.0.1:8099/submit": Unexpected end of file from server
2026-09-28T23:21:44.321-04:00 DEBUG [scheduling-1] i.o.processing.saga.SagaTimeoutMonitor [req=?,e2e=?,txn=?] Saga timeout monitor: no sagas exceeded 30s threshold
2026-09-28T23:21:48.802-04:00 WARN  [http-nio-8080-exec-3] i.o.reliability.ReliablePaymentService [req=6ed8eeb5-9de5-4888-958b-99385519235c,e2e=?,txn=?] Synthetic payment submission unresolved operationId=1752700c-2eee-4d6f-8e25-d632aa1e7ecc cause=org.springframework.web.client.ResourceAccessException: I/O error on POST request for "http://127.0.0.1:8099/submit": Unexpected end of file from server
2026-09-28T23:21:50.112-04:00 WARN  [http-nio-8080-exec-3] i.o.reliability.ReliablePaymentService [req=e8f070f6-acde-4bb2-90d1-726c3be36dfe,e2e=?,txn=?] Synthetic payment submission unresolved operationId=c1120309-d788-44a3-ba3d-50ee2ee709b9 cause=org.springframework.web.client.ResourceAccessException: I/O error on POST request for "http://127.0.0.1:8099/submit": Unexpected end of file from server
2026-09-28T23:21:54.332-04:00 DEBUG [scheduling-1] i.o.processing.saga.SagaTimeoutMonitor [req=?,e2e=?,txn=?] Saga timeout monitor: no sagas exceeded 30s threshold
2026-09-28T23:21:57.748-04:00 INFO  [SpringApplicationShutdownHook] o.s.b.w.embedded.tomcat.GracefulShutdown [req=?,e2e=?,txn=?] Commencing graceful shutdown. Waiting for active requests to complete
2026-09-28T23:21:57.755-04:00 INFO  [tomcat-shutdown] o.s.b.w.embedded.tomcat.GracefulShutdown [req=?,e2e=?,txn=?] Graceful shutdown complete
2026-09-28T23:21:57.765-04:00 INFO  [SpringApplicationShutdownHook] o.s.o.j.LocalContainerEntityManagerFactoryBean [req=?,e2e=?,txn=?] Closing JPA EntityManagerFactory for persistence unit 'default'
