[INFO] Scanning for projects...
[INFO] 
[INFO] ----------------------< io.openfednow:openfednow >----------------------
[INFO] Building OpenFedNow 0.1.0-SNAPSHOT
[INFO]   from pom.xml
[INFO] --------------------------------[ jar ]---------------------------------
[INFO] 
[INFO] --- resources:3.3.1:resources (default-resources) @ openfednow ---
[INFO] Copying 4 resources from src/main/resources to target/classes
[INFO] Copying 14 resources from src/main/resources to target/classes
[INFO] 
[INFO] --- compiler:3.14.1:compile (default-compile) @ openfednow ---
[INFO] Recompiling the module because of changed source code.
[INFO] Compiling 109 source files with javac [debug parameters release 17] to target/classes
[INFO] 
[INFO] --- resources:3.3.1:testResources (default-testResources) @ openfednow ---
[INFO] Copying 2 resources from src/test/resources to target/test-classes
[INFO] 
[INFO] --- compiler:3.14.1:testCompile (default-testCompile) @ openfednow ---
[INFO] Recompiling the module because of changed dependency.
[INFO] Compiling 92 source files with javac [debug parameters release 17] to target/test-classes
[WARNING] /private/var/folders/d0/fmsh4v2s6xv2pbkqxr6y4hbr0000gn/T/openfednow-uncertainty-mutant-pj2g14sz/src/test/java/io/openfednow/events/KafkaEventBusIntegrationTest.java:[82,6] org.springframework.boot.test.mock.mockito.MockBean in org.springframework.boot.test.mock.mockito has been deprecated and marked for removal
[WARNING] /private/var/folders/d0/fmsh4v2s6xv2pbkqxr6y4hbr0000gn/T/openfednow-uncertainty-mutant-pj2g14sz/src/test/java/io/openfednow/events/KafkaEventBusIntegrationTest.java:[82,6] org.springframework.boot.test.mock.mockito.MockBean in org.springframework.boot.test.mock.mockito has been deprecated and marked for removal
[WARNING] /private/var/folders/d0/fmsh4v2s6xv2pbkqxr6y4hbr0000gn/T/openfednow-uncertainty-mutant-pj2g14sz/src/test/java/io/openfednow/events/KafkaEventBusIntegrationTest.java:[82,6] org.springframework.boot.test.mock.mockito.MockBean in org.springframework.boot.test.mock.mockito has been deprecated and marked for removal
[WARNING] /private/var/folders/d0/fmsh4v2s6xv2pbkqxr6y4hbr0000gn/T/openfednow-uncertainty-mutant-pj2g14sz/src/test/java/io/openfednow/events/KafkaEventBusIntegrationTest.java:[82,6] org.springframework.boot.test.mock.mockito.MockBean in org.springframework.boot.test.mock.mockito has been deprecated and marked for removal
[WARNING] /private/var/folders/d0/fmsh4v2s6xv2pbkqxr6y4hbr0000gn/T/openfednow-uncertainty-mutant-pj2g14sz/src/test/java/io/openfednow/events/KafkaEventBusIntegrationTest.java:[82,6] org.springframework.boot.test.mock.mockito.MockBean in org.springframework.boot.test.mock.mockito has been deprecated and marked for removal
[WARNING] /private/var/folders/d0/fmsh4v2s6xv2pbkqxr6y4hbr0000gn/T/openfednow-uncertainty-mutant-pj2g14sz/src/test/java/io/openfednow/gateway/OutboundPaymentIntegrationTest.java:[49,6] org.springframework.boot.test.mock.mockito.MockBean in org.springframework.boot.test.mock.mockito has been deprecated and marked for removal
[WARNING] /private/var/folders/d0/fmsh4v2s6xv2pbkqxr6y4hbr0000gn/T/openfednow-uncertainty-mutant-pj2g14sz/src/test/java/io/openfednow/gateway/OutboundPaymentIntegrationTest.java:[49,6] org.springframework.boot.test.mock.mockito.MockBean in org.springframework.boot.test.mock.mockito has been deprecated and marked for removal
[WARNING] /private/var/folders/d0/fmsh4v2s6xv2pbkqxr6y4hbr0000gn/T/openfednow-uncertainty-mutant-pj2g14sz/src/test/java/io/openfednow/gateway/OutboundPaymentIntegrationTest.java:[49,6] org.springframework.boot.test.mock.mockito.MockBean in org.springframework.boot.test.mock.mockito has been deprecated and marked for removal
[WARNING] /private/var/folders/d0/fmsh4v2s6xv2pbkqxr6y4hbr0000gn/T/openfednow-uncertainty-mutant-pj2g14sz/src/test/java/io/openfednow/gateway/OutboundPaymentIntegrationTest.java:[49,6] org.springframework.boot.test.mock.mockito.MockBean in org.springframework.boot.test.mock.mockito has been deprecated and marked for removal
[WARNING] /private/var/folders/d0/fmsh4v2s6xv2pbkqxr6y4hbr0000gn/T/openfednow-uncertainty-mutant-pj2g14sz/src/test/java/io/openfednow/gateway/OutboundPaymentIntegrationTest.java:[49,6] org.springframework.boot.test.mock.mockito.MockBean in org.springframework.boot.test.mock.mockito has been deprecated and marked for removal
[WARNING] /private/var/folders/d0/fmsh4v2s6xv2pbkqxr6y4hbr0000gn/T/openfednow-uncertainty-mutant-pj2g14sz/src/test/java/io/openfednow/reliability/ReliablePaymentIntegrationTest.java:[31,6] org.springframework.boot.test.mock.mockito.MockBean in org.springframework.boot.test.mock.mockito has been deprecated and marked for removal
[WARNING] /private/var/folders/d0/fmsh4v2s6xv2pbkqxr6y4hbr0000gn/T/openfednow-uncertainty-mutant-pj2g14sz/src/test/java/io/openfednow/reliability/ReliablePaymentIntegrationTest.java:[31,6] org.springframework.boot.test.mock.mockito.MockBean in org.springframework.boot.test.mock.mockito has been deprecated and marked for removal
[WARNING] /private/var/folders/d0/fmsh4v2s6xv2pbkqxr6y4hbr0000gn/T/openfednow-uncertainty-mutant-pj2g14sz/src/test/java/io/openfednow/reliability/ReliablePaymentIntegrationTest.java:[31,6] org.springframework.boot.test.mock.mockito.MockBean in org.springframework.boot.test.mock.mockito has been deprecated and marked for removal
[WARNING] /private/var/folders/d0/fmsh4v2s6xv2pbkqxr6y4hbr0000gn/T/openfednow-uncertainty-mutant-pj2g14sz/src/test/java/io/openfednow/reliability/ReliablePaymentIntegrationTest.java:[31,6] org.springframework.boot.test.mock.mockito.MockBean in org.springframework.boot.test.mock.mockito has been deprecated and marked for removal
[WARNING] /private/var/folders/d0/fmsh4v2s6xv2pbkqxr6y4hbr0000gn/T/openfednow-uncertainty-mutant-pj2g14sz/src/test/java/io/openfednow/reliability/ReliablePaymentIntegrationTest.java:[31,6] org.springframework.boot.test.mock.mockito.MockBean in org.springframework.boot.test.mock.mockito has been deprecated and marked for removal
[WARNING] /private/var/folders/d0/fmsh4v2s6xv2pbkqxr6y4hbr0000gn/T/openfednow-uncertainty-mutant-pj2g14sz/src/test/java/io/openfednow/shadowledger/BalanceSeedIntegrationTest.java:[30,48] org.springframework.boot.test.mock.mockito.SpyBean in org.springframework.boot.test.mock.mockito has been deprecated and marked for removal
[WARNING] /private/var/folders/d0/fmsh4v2s6xv2pbkqxr6y4hbr0000gn/T/openfednow-uncertainty-mutant-pj2g14sz/src/test/java/io/openfednow/shadowledger/BalanceSeedIntegrationTest.java:[30,48] org.springframework.boot.test.mock.mockito.SpyBean in org.springframework.boot.test.mock.mockito has been deprecated and marked for removal
[WARNING] /private/var/folders/d0/fmsh4v2s6xv2pbkqxr6y4hbr0000gn/T/openfednow-uncertainty-mutant-pj2g14sz/src/test/java/io/openfednow/shadowledger/BalanceSeedIntegrationTest.java:[30,48] org.springframework.boot.test.mock.mockito.SpyBean in org.springframework.boot.test.mock.mockito has been deprecated and marked for removal
[WARNING] /private/var/folders/d0/fmsh4v2s6xv2pbkqxr6y4hbr0000gn/T/openfednow-uncertainty-mutant-pj2g14sz/src/test/java/io/openfednow/shadowledger/BalanceSeedIntegrationTest.java:[30,48] org.springframework.boot.test.mock.mockito.SpyBean in org.springframework.boot.test.mock.mockito has been deprecated and marked for removal
[WARNING] /private/var/folders/d0/fmsh4v2s6xv2pbkqxr6y4hbr0000gn/T/openfednow-uncertainty-mutant-pj2g14sz/src/test/java/io/openfednow/shadowledger/BalanceSeedIntegrationTest.java:[30,48] org.springframework.boot.test.mock.mockito.SpyBean in org.springframework.boot.test.mock.mockito has been deprecated and marked for removal
[INFO] /private/var/folders/d0/fmsh4v2s6xv2pbkqxr6y4hbr0000gn/T/openfednow-uncertainty-mutant-pj2g14sz/src/test/java/io/openfednow/events/KafkaEventBusIntegrationTest.java: Some input files use or override a deprecated API.
[INFO] /private/var/folders/d0/fmsh4v2s6xv2pbkqxr6y4hbr0000gn/T/openfednow-uncertainty-mutant-pj2g14sz/src/test/java/io/openfednow/events/KafkaEventBusIntegrationTest.java: Recompile with -Xlint:deprecation for details.
[INFO] 
[INFO] --- surefire:3.5.6:test (default-test) @ openfednow ---
[INFO] Using auto detected provider org.apache.maven.surefire.junitplatform.JUnitPlatformProvider
[INFO] 
[INFO] -------------------------------------------------------
[INFO]  T E S T S
[INFO] -------------------------------------------------------
[INFO] Running io.openfednow.gateway.UncertainSubmissionReproducerTest
23:31:50.105 [main] INFO io.openfednow.gateway.MessageRouter -- Outbound credit transfer received amount=10.00 currency=USD
23:31:50.108 [main] INFO io.openfednow.gateway.HttpFedNowClient -- Submitting pacs.008 to FedNow endpoint=http://localhost:50329/transfers
23:31:51.158 [main] ERROR io.openfednow.gateway.MessageRouter -- FedNow outcome unknown; reservation retained sagaId=SAGA-UNCERTAIN
io.openfednow.gateway.SubmissionOutcomeUnknownException: Payment submission outcome unknown
	at io.openfednow.gateway.HttpFedNowClient.submitCreditTransfer(HttpFedNowClient.java:116)
	at io.openfednow.gateway.MessageRouter.routeOutbound(MessageRouter.java:433)
	at io.openfednow.gateway.UncertainSubmissionReproducerTest.delayedAcceptanceRetainsReservationAndNeedsReview(UncertainSubmissionReproducerTest.java:56)
	at java.base/jdk.internal.reflect.NativeMethodAccessorImpl.invoke0(Native Method)
	at java.base/jdk.internal.reflect.NativeMethodAccessorImpl.invoke(NativeMethodAccessorImpl.java:77)
	at java.base/jdk.internal.reflect.DelegatingMethodAccessorImpl.invoke(DelegatingMethodAccessorImpl.java:43)
	at java.base/java.lang.reflect.Method.invoke(Method.java:569)
	at org.junit.platform.commons.util.ReflectionUtils.invokeMethod(ReflectionUtils.java:775)
	at org.junit.platform.commons.support.ReflectionSupport.invokeMethod(ReflectionSupport.java:479)
	at org.junit.jupiter.engine.execution.MethodInvocation.proceed(MethodInvocation.java:60)
	at org.junit.jupiter.engine.execution.InvocationInterceptorChain$ValidatingInvocation.proceed(InvocationInterceptorChain.java:131)
	at org.junit.jupiter.engine.extension.TimeoutExtension.intercept(TimeoutExtension.java:161)
	at org.junit.jupiter.engine.extension.TimeoutExtension.interceptTestableMethod(TimeoutExtension.java:152)
	at org.junit.jupiter.engine.extension.TimeoutExtension.interceptTestMethod(TimeoutExtension.java:91)
	at org.junit.jupiter.engine.execution.InterceptingExecutableInvoker$ReflectiveInterceptorCall.lambda$ofVoidMethod$0(InterceptingExecutableInvoker.java:112)
	at org.junit.jupiter.engine.execution.InterceptingExecutableInvoker.lambda$invoke$0(InterceptingExecutableInvoker.java:94)
	at org.junit.jupiter.engine.execution.InvocationInterceptorChain$InterceptedInvocation.proceed(InvocationInterceptorChain.java:106)
	at org.junit.jupiter.engine.execution.InvocationInterceptorChain.proceed(InvocationInterceptorChain.java:64)
	at org.junit.jupiter.engine.execution.InvocationInterceptorChain.chainAndInvoke(InvocationInterceptorChain.java:45)
	at org.junit.jupiter.engine.execution.InvocationInterceptorChain.invoke(InvocationInterceptorChain.java:37)
	at org.junit.jupiter.engine.execution.InterceptingExecutableInvoker.invoke(InterceptingExecutableInvoker.java:93)
	at org.junit.jupiter.engine.execution.InterceptingExecutableInvoker.invoke(InterceptingExecutableInvoker.java:87)
	at org.junit.jupiter.engine.descriptor.TestMethodTestDescriptor.lambda$invokeTestMethod$7(TestMethodTestDescriptor.java:216)
	at org.junit.platform.engine.support.hierarchical.ThrowableCollector.execute(ThrowableCollector.java:73)
	at org.junit.jupiter.engine.descriptor.TestMethodTestDescriptor.invokeTestMethod(TestMethodTestDescriptor.java:212)
	at org.junit.jupiter.engine.descriptor.TestMethodTestDescriptor.execute(TestMethodTestDescriptor.java:137)
	at org.junit.jupiter.engine.descriptor.TestMethodTestDescriptor.execute(TestMethodTestDescriptor.java:69)
	at org.junit.platform.engine.support.hierarchical.NodeTestTask.lambda$executeRecursively$6(NodeTestTask.java:156)
	at org.junit.platform.engine.support.hierarchical.ThrowableCollector.execute(ThrowableCollector.java:73)
	at org.junit.platform.engine.support.hierarchical.NodeTestTask.lambda$executeRecursively$8(NodeTestTask.java:146)
	at org.junit.platform.engine.support.hierarchical.Node.around(Node.java:137)
	at org.junit.platform.engine.support.hierarchical.NodeTestTask.lambda$executeRecursively$9(NodeTestTask.java:144)
	at org.junit.platform.engine.support.hierarchical.ThrowableCollector.execute(ThrowableCollector.java:73)
	at org.junit.platform.engine.support.hierarchical.NodeTestTask.executeRecursively(NodeTestTask.java:143)
	at org.junit.platform.engine.support.hierarchical.NodeTestTask.execute(NodeTestTask.java:100)
	at java.base/java.util.ArrayList.forEach(ArrayList.java:1511)
	at org.junit.platform.engine.support.hierarchical.SameThreadHierarchicalTestExecutorService.invokeAll(SameThreadHierarchicalTestExecutorService.java:41)
	at org.junit.platform.engine.support.hierarchical.NodeTestTask.lambda$executeRecursively$6(NodeTestTask.java:160)
	at org.junit.platform.engine.support.hierarchical.ThrowableCollector.execute(ThrowableCollector.java:73)
	at org.junit.platform.engine.support.hierarchical.NodeTestTask.lambda$executeRecursively$8(NodeTestTask.java:146)
	at org.junit.platform.engine.support.hierarchical.Node.around(Node.java:137)
	at org.junit.platform.engine.support.hierarchical.NodeTestTask.lambda$executeRecursively$9(NodeTestTask.java:144)
	at org.junit.platform.engine.support.hierarchical.ThrowableCollector.execute(ThrowableCollector.java:73)
	at org.junit.platform.engine.support.hierarchical.NodeTestTask.executeRecursively(NodeTestTask.java:143)
	at org.junit.platform.engine.support.hierarchical.NodeTestTask.execute(NodeTestTask.java:100)
	at java.base/java.util.ArrayList.forEach(ArrayList.java:1511)
	at org.junit.platform.engine.support.hierarchical.SameThreadHierarchicalTestExecutorService.invokeAll(SameThreadHierarchicalTestExecutorService.java:41)
	at org.junit.platform.engine.support.hierarchical.NodeTestTask.lambda$executeRecursively$6(NodeTestTask.java:160)
	at org.junit.platform.engine.support.hierarchical.ThrowableCollector.execute(ThrowableCollector.java:73)
	at org.junit.platform.engine.support.hierarchical.NodeTestTask.lambda$executeRecursively$8(NodeTestTask.java:146)
	at org.junit.platform.engine.support.hierarchical.Node.around(Node.java:137)
	at org.junit.platform.engine.support.hierarchical.NodeTestTask.lambda$executeRecursively$9(NodeTestTask.java:144)
	at org.junit.platform.engine.support.hierarchical.ThrowableCollector.execute(ThrowableCollector.java:73)
	at org.junit.platform.engine.support.hierarchical.NodeTestTask.executeRecursively(NodeTestTask.java:143)
	at org.junit.platform.engine.support.hierarchical.NodeTestTask.execute(NodeTestTask.java:100)
	at org.junit.platform.engine.support.hierarchical.SameThreadHierarchicalTestExecutorService.submit(SameThreadHierarchicalTestExecutorService.java:35)
	at org.junit.platform.engine.support.hierarchical.HierarchicalTestExecutor.execute(HierarchicalTestExecutor.java:57)
	at org.junit.platform.engine.support.hierarchical.HierarchicalTestEngine.execute(HierarchicalTestEngine.java:54)
	at org.junit.platform.launcher.core.EngineExecutionOrchestrator.execute(EngineExecutionOrchestrator.java:201)
	at org.junit.platform.launcher.core.EngineExecutionOrchestrator.execute(EngineExecutionOrchestrator.java:170)
	at org.junit.platform.launcher.core.EngineExecutionOrchestrator.execute(EngineExecutionOrchestrator.java:94)
	at org.junit.platform.launcher.core.EngineExecutionOrchestrator.lambda$execute$0(EngineExecutionOrchestrator.java:59)
	at org.junit.platform.launcher.core.EngineExecutionOrchestrator.withInterceptedStreams(EngineExecutionOrchestrator.java:142)
	at org.junit.platform.launcher.core.EngineExecutionOrchestrator.execute(EngineExecutionOrchestrator.java:58)
	at org.junit.platform.launcher.core.DefaultLauncher.execute(DefaultLauncher.java:103)
	at org.junit.platform.launcher.core.DefaultLauncher.execute(DefaultLauncher.java:85)
	at org.junit.platform.launcher.core.DelegatingLauncher.execute(DelegatingLauncher.java:47)
	at org.junit.platform.launcher.core.InterceptingLauncher.lambda$execute$1(InterceptingLauncher.java:39)
	at org.junit.platform.launcher.core.ClasspathAlignmentCheckingLauncherInterceptor.intercept(ClasspathAlignmentCheckingLauncherInterceptor.java:25)
	at org.junit.platform.launcher.core.InterceptingLauncher.execute(InterceptingLauncher.java:38)
	at org.junit.platform.launcher.core.DelegatingLauncher.execute(DelegatingLauncher.java:47)
	at org.apache.maven.surefire.junitplatform.LauncherAdapter.executeWithoutCancellationToken(LauncherAdapter.java:60)
	at org.apache.maven.surefire.junitplatform.LauncherAdapter.execute(LauncherAdapter.java:52)
	at org.apache.maven.surefire.junitplatform.JUnitPlatformProvider.execute(JUnitPlatformProvider.java:203)
	at org.apache.maven.surefire.junitplatform.JUnitPlatformProvider.invokeAllTests(JUnitPlatformProvider.java:168)
	at org.apache.maven.surefire.junitplatform.JUnitPlatformProvider.invoke(JUnitPlatformProvider.java:136)
	at org.apache.maven.surefire.booter.ForkedBooter.runSuitesInProcess(ForkedBooter.java:385)
	at org.apache.maven.surefire.booter.ForkedBooter.execute(ForkedBooter.java:162)
	at org.apache.maven.surefire.booter.ForkedBooter.run(ForkedBooter.java:507)
	at org.apache.maven.surefire.booter.ForkedBooter.main(ForkedBooter.java:495)
Caused by: org.springframework.web.client.ResourceAccessException: I/O error on POST request for "http://localhost:50329/transfers": Read timed out
	at org.springframework.web.client.RestTemplate.createResourceAccessException(RestTemplate.java:926)
	at org.springframework.web.client.RestTemplate.doExecute(RestTemplate.java:906)
	at org.springframework.web.client.RestTemplate.execute(RestTemplate.java:801)
	at org.springframework.web.client.RestTemplate.postForObject(RestTemplate.java:518)
	at io.openfednow.gateway.HttpFedNowClient.submitCreditTransfer(HttpFedNowClient.java:110)
	... 79 common frames omitted
Caused by: java.net.SocketTimeoutException: Read timed out
	at java.base/sun.nio.ch.NioSocketImpl.timedRead(NioSocketImpl.java:288)
	at java.base/sun.nio.ch.NioSocketImpl.implRead(NioSocketImpl.java:314)
	at java.base/sun.nio.ch.NioSocketImpl.read(NioSocketImpl.java:355)
	at java.base/sun.nio.ch.NioSocketImpl$1.read(NioSocketImpl.java:808)
	at java.base/java.net.Socket$SocketInputStream.read(Socket.java:966)
	at java.base/java.io.BufferedInputStream.fill(BufferedInputStream.java:244)
	at java.base/java.io.BufferedInputStream.read1(BufferedInputStream.java:284)
	at java.base/java.io.BufferedInputStream.read(BufferedInputStream.java:343)
	at java.base/sun.net.www.http.HttpClient.parseHTTPHeader(HttpClient.java:834)
	at java.base/sun.net.www.http.HttpClient.parseHTTP(HttpClient.java:769)
	at java.base/sun.net.www.protocol.http.HttpURLConnection.getInputStream0(HttpURLConnection.java:1750)
	at java.base/sun.net.www.protocol.http.HttpURLConnection.getInputStream(HttpURLConnection.java:1644)
	at java.base/java.net.HttpURLConnection.getResponseCode(HttpURLConnection.java:529)
	at org.springframework.http.client.SimpleClientHttpResponse.getStatusCode(SimpleClientHttpResponse.java:56)
	at org.springframework.web.client.DefaultResponseErrorHandler.hasError(DefaultResponseErrorHandler.java:84)
	at org.springframework.web.client.RestTemplate.handleResponse(RestTemplate.java:942)
	at org.springframework.web.client.RestTemplate.doExecute(RestTemplate.java:902)
	... 82 common frames omitted
[ERROR] Tests run: 1, Failures: 1, Errors: 0, Skipped: 0, Time elapsed: 2.226 s <<< FAILURE! -- in io.openfednow.gateway.UncertainSubmissionReproducerTest
[ERROR] io.openfednow.gateway.UncertainSubmissionReproducerTest.delayedAcceptanceRetainsReservationAndNeedsReview(WireMockRuntimeInfo) -- Time elapsed: 1.486 s <<< FAILURE!
Wanted but not invoked:
sagaOrchestrator.markOutcomeUnknown(<any>);
-> at io.openfednow.gateway.UncertainSubmissionReproducerTest.delayedAcceptanceRetainsReservationAndNeedsReview(UncertainSubmissionReproducerTest.java:63)

However, there were exactly 5 interactions with this mock:
sagaOrchestrator.findByEndToEndId(
    "E2E-UNCERTAIN"
);
-> at io.openfednow.gateway.MessageRouter.routeOutbound(MessageRouter.java:363)

sagaOrchestrator.initiate(
    Pacs008Message(messageId=null, creationDateTime=null, numberOfTransactions=0, endToEndId=E2E-UNCERTAIN, transactionId=TX-UNCERTAIN, interbankSettlementAmount=10.00, interbankSettlementCurrency=USD, debtorAgentRoutingNumber=null, creditorAgentRoutingNumber=null, debtorAccountNumber=SYNTHETIC-DEBTOR, creditorAccountNumber=null, debtorName=null, creditorName=null, remittanceInformation=null),
    FEDNOW
);
-> at io.openfednow.gateway.MessageRouter.routeOutbound(MessageRouter.java:419)

sagaOrchestrator.advance(
    io.openfednow.processing.saga.PaymentSaga@795f6681,
    FUNDS_RESERVED
);
-> at io.openfednow.gateway.MessageRouter.routeOutbound(MessageRouter.java:426)

sagaOrchestrator.advance(
    io.openfednow.processing.saga.PaymentSaga@795f6681,
    SUBMITTING
);
-> at io.openfednow.gateway.MessageRouter.routeOutbound(MessageRouter.java:430)

sagaOrchestrator.compensate(
    "SAGA-UNCERTAIN",
    "NARR"
);
-> at io.openfednow.gateway.MessageRouter.routeOutbound(MessageRouter.java:436)


	at io.openfednow.gateway.UncertainSubmissionReproducerTest.delayedAcceptanceRetainsReservationAndNeedsReview(UncertainSubmissionReproducerTest.java:63)
	at java.base/java.lang.reflect.Method.invoke(Method.java:569)
	at java.base/java.util.ArrayList.forEach(ArrayList.java:1511)
	at java.base/java.util.ArrayList.forEach(ArrayList.java:1511)

[INFO] 
[INFO] Results:
[INFO] 
[ERROR] Failures: 
[ERROR]   UncertainSubmissionReproducerTest.delayedAcceptanceRetainsReservationAndNeedsReview:63 
Wanted but not invoked:
sagaOrchestrator.markOutcomeUnknown(<any>);
-> at io.openfednow.gateway.UncertainSubmissionReproducerTest.delayedAcceptanceRetainsReservationAndNeedsReview(UncertainSubmissionReproducerTest.java:63)

However, there were exactly 5 interactions with this mock:
sagaOrchestrator.findByEndToEndId(
    "E2E-UNCERTAIN"
);
-> at io.openfednow.gateway.MessageRouter.routeOutbound(MessageRouter.java:363)

sagaOrchestrator.initiate(
    Pacs008Message(messageId=null, creationDateTime=null, numberOfTransactions=0, endToEndId=E2E-UNCERTAIN, transactionId=TX-UNCERTAIN, interbankSettlementAmount=10.00, interbankSettlementCurrency=USD, debtorAgentRoutingNumber=null, creditorAgentRoutingNumber=null, debtorAccountNumber=SYNTHETIC-DEBTOR, creditorAccountNumber=null, debtorName=null, creditorName=null, remittanceInformation=null),
    FEDNOW
);
-> at io.openfednow.gateway.MessageRouter.routeOutbound(MessageRouter.java:419)

sagaOrchestrator.advance(
    io.openfednow.processing.saga.PaymentSaga@795f6681,
    FUNDS_RESERVED
);
-> at io.openfednow.gateway.MessageRouter.routeOutbound(MessageRouter.java:426)

sagaOrchestrator.advance(
    io.openfednow.processing.saga.PaymentSaga@795f6681,
    SUBMITTING
);
-> at io.openfednow.gateway.MessageRouter.routeOutbound(MessageRouter.java:430)

sagaOrchestrator.compensate(
    "SAGA-UNCERTAIN",
    "NARR"
);
-> at io.openfednow.gateway.MessageRouter.routeOutbound(MessageRouter.java:436)


[INFO] 
[ERROR] Tests run: 1, Failures: 1, Errors: 0, Skipped: 0
[INFO] 
[INFO] ------------------------------------------------------------------------
[INFO] BUILD FAILURE
[INFO] ------------------------------------------------------------------------
[INFO] Total time:  5.407 s
[INFO] Finished at: 2026-09-28T23:31:51-04:00
[INFO] ------------------------------------------------------------------------
[ERROR] Failed to execute goal org.apache.maven.plugins:maven-surefire-plugin:3.5.6:test (default-test) on project openfednow: There are test failures.
[ERROR] 
[ERROR] See /private/var/folders/d0/fmsh4v2s6xv2pbkqxr6y4hbr0000gn/T/openfednow-uncertainty-mutant-pj2g14sz/target/surefire-reports for the individual test results.
[ERROR] See dump files (if any exist) [date].dump, [date]-jvmRun[N].dump and [date].dumpstream.
[ERROR] -> [Help 1]
[ERROR] 
[ERROR] To see the full stack trace of the errors, re-run Maven with the -e switch.
[ERROR] Re-run Maven using the -X switch to enable full debug logging.
[ERROR] 
[ERROR] For more information about the errors and possible solutions, please read the following articles:
[ERROR] [Help 1] http://cwiki.apache.org/confluence/display/MAVEN/MojoFailureException
