[INFO] Scanning for projects...
[INFO] 
[INFO] ----------------------< io.openfednow:openfednow >----------------------
[INFO] Building OpenFedNow 0.1.0-SNAPSHOT
[INFO]   from pom.xml
[INFO] --------------------------------[ jar ]---------------------------------
[INFO] 
[INFO] --- resources:3.3.1:resources (default-resources) @ openfednow ---
[INFO] Copying 4 resources from src/main/resources to target/classes
[INFO] Copying 16 resources from src/main/resources to target/classes
[INFO] 
[INFO] --- compiler:3.14.1:compile (default-compile) @ openfednow ---
[INFO] Nothing to compile - all classes are up to date.
[INFO] 
[INFO] --- resources:3.3.1:testResources (default-testResources) @ openfednow ---
[INFO] Copying 2 resources from src/test/resources to target/test-classes
[INFO] 
[INFO] --- compiler:3.14.1:testCompile (default-testCompile) @ openfednow ---
[INFO] Nothing to compile - all classes are up to date.
[INFO] 
[INFO] --- surefire:3.5.6:test (default-test) @ openfednow ---
[INFO] Using auto detected provider org.apache.maven.surefire.junitplatform.JUnitPlatformProvider
[INFO] 
[INFO] -------------------------------------------------------
[INFO]  T E S T S
[INFO] -------------------------------------------------------
[INFO] Running io.openfednow.acl.adapters.VendorReliabilityCapabilityContractTest
[INFO] Tests run: 1, Failures: 0, Errors: 0, Skipped: 0, Time elapsed: 0.324 s -- in io.openfednow.acl.adapters.VendorReliabilityCapabilityContractTest
[INFO] Running io.openfednow.acl.adapters.FisAdapterTest
08:08:48.272 [main] WARN io.openfednow.acl.adapters.fis.FisHttpClient -- FIS health check failed: 503 Service Unavailable: [no body]
08:08:48.285 [main] WARN io.openfednow.acl.adapters.fis.FisHttpClient -- FIS API network error posting transaction TXN-FIS-001: Error while extracting response for type [io.openfednow.acl.adapters.fis.FisTransactionResponse] and content type [application/octet-stream]
[INFO] Tests run: 11, Failures: 0, Errors: 0, Skipped: 0, Time elapsed: 0.502 s -- in io.openfednow.acl.adapters.FisAdapterTest
[INFO] Running io.openfednow.acl.adapters.JackHenryAdapterTest
08:08:48.389 [main] WARN io.openfednow.acl.adapters.jackhenry.JackHenrySoapClient -- jXchange Ping health check failed: 503 Service Unavailable: [no body]
08:08:48.411 [main] WARN io.openfednow.acl.adapters.jackhenry.JackHenrySoapClient -- jXchange TrnAdd SOAP error for transaction TXN-JH-001: Error while extracting response for type [java.lang.String] and content type [application/octet-stream]
[INFO] Tests run: 14, Failures: 0, Errors: 0, Skipped: 0, Time elapsed: 0.106 s -- in io.openfednow.acl.adapters.JackHenryAdapterTest
[INFO] Running io.openfednow.acl.adapters.FiservAdapterTest
08:08:48.433 [main] WARN io.openfednow.acl.adapters.fiserv.FiservHttpClient -- Fiserv API network error posting transaction TXN-FISERV-001: Error while extracting response for type [io.openfednow.acl.adapters.fiserv.FiservTransactionResponse] and content type [application/octet-stream]
08:08:48.477 [main] WARN io.openfednow.acl.adapters.fiserv.FiservHttpClient -- Fiserv health check failed: 503 Service Unavailable: [no body]
[INFO] Tests run: 12, Failures: 0, Errors: 0, Skipped: 0, Time elapsed: 0.074 s -- in io.openfednow.acl.adapters.FiservAdapterTest
[INFO] 
[INFO] Results:
[INFO] 
[INFO] Tests run: 38, Failures: 0, Errors: 0, Skipped: 0
[INFO] 
[INFO] ------------------------------------------------------------------------
[INFO] BUILD SUCCESS
[INFO] ------------------------------------------------------------------------
[INFO] Total time:  1.906 s
[INFO] Finished at: 2026-09-29T08:08:48-04:00
[INFO] ------------------------------------------------------------------------
