[INFO] Scanning for projects...
[INFO] 
[INFO] ----------------------< io.openfednow:openfednow >----------------------
[INFO] Building OpenFedNow 0.1.0-SNAPSHOT
[INFO]   from pom.xml
[INFO] --------------------------------[ jar ]---------------------------------
[INFO] 
[INFO] --- resources:3.3.1:resources (default-resources) @ openfednow ---
[INFO] Copying 4 resources from src/main/resources to target/classes
[INFO] Copying 16 resources from src/main/resources to target/classes
[INFO] 
[INFO] --- compiler:3.14.1:compile (default-compile) @ openfednow ---
[INFO] Nothing to compile - all classes are up to date.
[INFO] 
[INFO] --- resources:3.3.1:testResources (default-testResources) @ openfednow ---
[INFO] Copying 2 resources from src/test/resources to target/test-classes
[INFO] 
[INFO] --- compiler:3.14.1:testCompile (default-testCompile) @ openfednow ---
[INFO] Nothing to compile - all classes are up to date.
[INFO] 
[INFO] --- surefire:3.5.6:test (default-test) @ openfednow ---
[INFO] Using auto detected provider org.apache.maven.surefire.junitplatform.JUnitPlatformProvider
[INFO] 
[INFO] -------------------------------------------------------
[INFO]  T E S T S
[INFO] -------------------------------------------------------
[INFO] Running io.openfednow.acl.adapters.JackHenryAdapterTest
08:08:43.518 [main] WARN io.openfednow.acl.adapters.jackhenry.JackHenrySoapClient -- jXchange Ping health check failed: 503 Service Unavailable: [no body]
08:08:43.546 [main] WARN io.openfednow.acl.adapters.jackhenry.JackHenrySoapClient -- jXchange TrnAdd SOAP error for transaction TXN-JH-001: Error while extracting response for type [java.lang.String] and content type [application/octet-stream]
[INFO] Tests run: 14, Failures: 0, Errors: 0, Skipped: 0, Time elapsed: 0.546 s -- in io.openfednow.acl.adapters.JackHenryAdapterTest
[INFO] Running io.openfednow.gateway.MessageRouterScreeningPolicyTest
08:08:43.918 [main] INFO io.openfednow.gateway.MessageRouter -- Inbound credit transfer received amount=10.00 currency=USD sourceRail=FEDNOW
08:08:43.920 [main] WARN io.openfednow.gateway.MessageRouter -- Screening unavailable e2e=E2E-SCREEN cause=invalid result failOpen=false
08:08:43.925 [main] INFO io.openfednow.gateway.MessageRouter -- Outbound credit transfer received amount=10.00 currency=USD
08:08:43.925 [main] WARN io.openfednow.gateway.MessageRouter -- Screening unavailable e2e=E2E-SCREEN cause=invalid result failOpen=false
08:08:43.927 [main] INFO io.openfednow.gateway.MessageRouter -- Outbound credit transfer received amount=10.00 currency=USD
08:08:44.031 [main] WARN io.openfednow.gateway.MessageRouter -- Screening unavailable e2e=E2E-SCREEN cause=timeout failOpen=true
08:08:44.032 [main] INFO io.openfednow.gateway.MessageRouter -- Outbound payment rejected: insufficient funds account=************BTOR available=0 requested=10.00
08:08:44.034 [main] INFO io.openfednow.gateway.MessageRouter -- Outbound credit transfer received amount=10.00 currency=USD
08:08:44.034 [main] WARN io.openfednow.gateway.MessageRouter -- Screening unavailable e2e=E2E-SCREEN cause=service error failOpen=true
08:08:44.035 [main] INFO io.openfednow.gateway.MessageRouter -- Outbound payment rejected: insufficient funds account=************BTOR available=0 requested=10.00
08:08:44.037 [main] INFO io.openfednow.gateway.MessageRouter -- Inbound credit transfer received amount=10.00 currency=USD sourceRail=FEDNOW
08:08:44.038 [main] INFO io.openfednow.gateway.MessageRouter -- Outbound credit transfer received amount=10.00 currency=USD
08:08:44.040 [main] INFO io.openfednow.gateway.MessageRouter -- Outbound credit transfer received amount=10.00 currency=USD
08:08:44.041 [main] WARN io.openfednow.gateway.MessageRouter -- Screening unavailable e2e=E2E-SCREEN cause=service error failOpen=false
08:08:44.043 [main] INFO io.openfednow.gateway.MessageRouter -- Inbound credit transfer received amount=10.00 currency=USD sourceRail=FEDNOW
08:08:44.148 [main] WARN io.openfednow.gateway.MessageRouter -- Screening unavailable e2e=E2E-SCREEN cause=timeout failOpen=false
08:08:44.151 [main] INFO io.openfednow.gateway.MessageRouter -- Outbound credit transfer received amount=10.00 currency=USD
08:08:44.251 [main] WARN io.openfednow.gateway.MessageRouter -- Screening unavailable e2e=E2E-SCREEN cause=timeout failOpen=false
08:08:44.258 [main] INFO io.openfednow.gateway.MessageRouter -- Inbound credit transfer received amount=10.00 currency=USD sourceRail=FEDNOW
08:08:44.259 [main] WARN io.openfednow.gateway.MessageRouter -- Screening unavailable e2e=E2E-SCREEN cause=service error failOpen=false
08:08:44.262 [main] INFO io.openfednow.gateway.MessageRouter -- Outbound credit transfer received amount=10.00 currency=USD
08:08:44.263 [main] WARN io.openfednow.gateway.MessageRouter -- Screening unavailable e2e=E2E-SCREEN cause=service error failOpen=false
[INFO] Tests run: 11, Failures: 0, Errors: 0, Skipped: 0, Time elapsed: 0.701 s -- in io.openfednow.gateway.MessageRouterScreeningPolicyTest
[INFO] Running io.openfednow.gateway.UncertainSubmissionReproducerTest
08:08:44.278 [main] INFO io.openfednow.gateway.MessageRouter -- Outbound credit transfer received amount=10.00 currency=USD
08:08:44.279 [main] INFO io.openfednow.gateway.HttpFedNowClient -- Submitting pacs.008 to FedNow endpoint=http://localhost:53819/transfers
08:08:45.305 [main] ERROR io.openfednow.gateway.MessageRouter -- FedNow outcome unknown; reservation retained sagaId=SAGA-UNCERTAIN
io.openfednow.gateway.SubmissionOutcomeUnknownException: Payment submission outcome unknown
	at io.openfednow.gateway.HttpFedNowClient.submitCreditTransfer(HttpFedNowClient.java:116)
	at io.openfednow.gateway.MessageRouter.routeOutbound(MessageRouter.java:433)
	at io.openfednow.gateway.UncertainSubmissionReproducerTest.delayedAcceptanceRetainsReservationAndNeedsReview(UncertainSubmissionReproducerTest.java:56)
	at java.base/jdk.internal.reflect.NativeMethodAccessorImpl.invoke0(Native Method)
	at java.base/jdk.internal.reflect.NativeMethodAccessorImpl.invoke(NativeMethodAccessorImpl.java:77)
	at java.base/jdk.internal.reflect.DelegatingMethodAccessorImpl.invoke(DelegatingMethodAccessorImpl.java:43)
	at java.base/java.lang.reflect.Method.invoke(Method.java:569)
	at org.junit.platform.commons.util.ReflectionUtils.invokeMethod(ReflectionUtils.java:775)
	at org.junit.platform.commons.support.ReflectionSupport.invokeMethod(ReflectionSupport.java:479)
	at org.junit.jupiter.engine.execution.MethodInvocation.proceed(MethodInvocation.java:60)
	at org.junit.jupiter.engine.execution.InvocationInterceptorChain$ValidatingInvocation.proceed(InvocationInterceptorChain.java:131)
	at org.junit.jupiter.engine.extension.TimeoutExtension.intercept(TimeoutExtension.java:161)
	at org.junit.jupiter.engine.extension.TimeoutExtension.interceptTestableMethod(TimeoutExtension.java:152)
	at org.junit.jupiter.engine.extension.TimeoutExtension.interceptTestMethod(TimeoutExtension.java:91)
	at org.junit.jupiter.engine.execution.InterceptingExecutableInvoker$ReflectiveInterceptorCall.lambda$ofVoidMethod$0(InterceptingExecutableInvoker.java:112)
	at org.junit.jupiter.engine.execution.InterceptingExecutableInvoker.lambda$invoke$0(InterceptingExecutableInvoker.java:94)
	at org.junit.jupiter.engine.execution.InvocationInterceptorChain$InterceptedInvocation.proceed(InvocationInterceptorChain.java:106)
	at org.junit.jupiter.engine.execution.InvocationInterceptorChain.proceed(InvocationInterceptorChain.java:64)
	at org.junit.jupiter.engine.execution.InvocationInterceptorChain.chainAndInvoke(InvocationInterceptorChain.java:45)
	at org.junit.jupiter.engine.execution.InvocationInterceptorChain.invoke(InvocationInterceptorChain.java:37)
	at org.junit.jupiter.engine.execution.InterceptingExecutableInvoker.invoke(InterceptingExecutableInvoker.java:93)
	at org.junit.jupiter.engine.execution.InterceptingExecutableInvoker.invoke(InterceptingExecutableInvoker.java:87)
	at org.junit.jupiter.engine.descriptor.TestMethodTestDescriptor.lambda$invokeTestMethod$7(TestMethodTestDescriptor.java:216)
	at org.junit.platform.engine.support.hierarchical.ThrowableCollector.execute(ThrowableCollector.java:73)
	at org.junit.jupiter.engine.descriptor.TestMethodTestDescriptor.invokeTestMethod(TestMethodTestDescriptor.java:212)
	at org.junit.jupiter.engine.descriptor.TestMethodTestDescriptor.execute(TestMethodTestDescriptor.java:137)
	at org.junit.jupiter.engine.descriptor.TestMethodTestDescriptor.execute(TestMethodTestDescriptor.java:69)
	at org.junit.platform.engine.support.hierarchical.NodeTestTask.lambda$executeRecursively$6(NodeTestTask.java:156)
	at org.junit.platform.engine.support.hierarchical.ThrowableCollector.execute(ThrowableCollector.java:73)
	at org.junit.platform.engine.support.hierarchical.NodeTestTask.lambda$executeRecursively$8(NodeTestTask.java:146)
	at org.junit.platform.engine.support.hierarchical.Node.around(Node.java:137)
	at org.junit.platform.engine.support.hierarchical.NodeTestTask.lambda$executeRecursively$9(NodeTestTask.java:144)
	at org.junit.platform.engine.support.hierarchical.ThrowableCollector.execute(ThrowableCollector.java:73)
	at org.junit.platform.engine.support.hierarchical.NodeTestTask.executeRecursively(NodeTestTask.java:143)
	at org.junit.platform.engine.support.hierarchical.NodeTestTask.execute(NodeTestTask.java:100)
	at java.base/java.util.ArrayList.forEach(ArrayList.java:1511)
	at org.junit.platform.engine.support.hierarchical.SameThreadHierarchicalTestExecutorService.invokeAll(SameThreadHierarchicalTestExecutorService.java:41)
	at org.junit.platform.engine.support.hierarchical.NodeTestTask.lambda$executeRecursively$6(NodeTestTask.java:160)
	at org.junit.platform.engine.support.hierarchical.ThrowableCollector.execute(ThrowableCollector.java:73)
	at org.junit.platform.engine.support.hierarchical.NodeTestTask.lambda$executeRecursively$8(NodeTestTask.java:146)
	at org.junit.platform.engine.support.hierarchical.Node.around(Node.java:137)
	at org.junit.platform.engine.support.hierarchical.NodeTestTask.lambda$executeRecursively$9(NodeTestTask.java:144)
	at org.junit.platform.engine.support.hierarchical.ThrowableCollector.execute(ThrowableCollector.java:73)
	at org.junit.platform.engine.support.hierarchical.NodeTestTask.executeRecursively(NodeTestTask.java:143)
	at org.junit.platform.engine.support.hierarchical.NodeTestTask.execute(NodeTestTask.java:100)
	at java.base/java.util.ArrayList.forEach(ArrayList.java:1511)
	at org.junit.platform.engine.support.hierarchical.SameThreadHierarchicalTestExecutorService.invokeAll(SameThreadHierarchicalTestExecutorService.java:41)
	at org.junit.platform.engine.support.hierarchical.NodeTestTask.lambda$executeRecursively$6(NodeTestTask.java:160)
	at org.junit.platform.engine.support.hierarchical.ThrowableCollector.execute(ThrowableCollector.java:73)
	at org.junit.platform.engine.support.hierarchical.NodeTestTask.lambda$executeRecursively$8(NodeTestTask.java:146)
	at org.junit.platform.engine.support.hierarchical.Node.around(Node.java:137)
	at org.junit.platform.engine.support.hierarchical.NodeTestTask.lambda$executeRecursively$9(NodeTestTask.java:144)
	at org.junit.platform.engine.support.hierarchical.ThrowableCollector.execute(ThrowableCollector.java:73)
	at org.junit.platform.engine.support.hierarchical.NodeTestTask.executeRecursively(NodeTestTask.java:143)
	at org.junit.platform.engine.support.hierarchical.NodeTestTask.execute(NodeTestTask.java:100)
	at org.junit.platform.engine.support.hierarchical.SameThreadHierarchicalTestExecutorService.submit(SameThreadHierarchicalTestExecutorService.java:35)
	at org.junit.platform.engine.support.hierarchical.HierarchicalTestExecutor.execute(HierarchicalTestExecutor.java:57)
	at org.junit.platform.engine.support.hierarchical.HierarchicalTestEngine.execute(HierarchicalTestEngine.java:54)
	at org.junit.platform.launcher.core.EngineExecutionOrchestrator.execute(EngineExecutionOrchestrator.java:201)
	at org.junit.platform.launcher.core.EngineExecutionOrchestrator.execute(EngineExecutionOrchestrator.java:170)
	at org.junit.platform.launcher.core.EngineExecutionOrchestrator.execute(EngineExecutionOrchestrator.java:94)
	at org.junit.platform.launcher.core.EngineExecutionOrchestrator.lambda$execute$0(EngineExecutionOrchestrator.java:59)
	at org.junit.platform.launcher.core.EngineExecutionOrchestrator.withInterceptedStreams(EngineExecutionOrchestrator.java:142)
	at org.junit.platform.launcher.core.EngineExecutionOrchestrator.execute(EngineExecutionOrchestrator.java:58)
	at org.junit.platform.launcher.core.DefaultLauncher.execute(DefaultLauncher.java:103)
	at org.junit.platform.launcher.core.DefaultLauncher.execute(DefaultLauncher.java:85)
	at org.junit.platform.launcher.core.DelegatingLauncher.execute(DelegatingLauncher.java:47)
	at org.junit.platform.launcher.core.InterceptingLauncher.lambda$execute$1(InterceptingLauncher.java:39)
	at org.junit.platform.launcher.core.ClasspathAlignmentCheckingLauncherInterceptor.intercept(ClasspathAlignmentCheckingLauncherInterceptor.java:25)
	at org.junit.platform.launcher.core.InterceptingLauncher.execute(InterceptingLauncher.java:38)
	at org.junit.platform.launcher.core.DelegatingLauncher.execute(DelegatingLauncher.java:47)
	at org.apache.maven.surefire.junitplatform.LauncherAdapter.executeWithoutCancellationToken(LauncherAdapter.java:60)
	at org.apache.maven.surefire.junitplatform.LauncherAdapter.execute(LauncherAdapter.java:52)
	at org.apache.maven.surefire.junitplatform.JUnitPlatformProvider.execute(JUnitPlatformProvider.java:203)
	at org.apache.maven.surefire.junitplatform.JUnitPlatformProvider.invokeAllTests(JUnitPlatformProvider.java:168)
	at org.apache.maven.surefire.junitplatform.JUnitPlatformProvider.invoke(JUnitPlatformProvider.java:136)
	at org.apache.maven.surefire.booter.ForkedBooter.runSuitesInProcess(ForkedBooter.java:385)
	at org.apache.maven.surefire.booter.ForkedBooter.execute(ForkedBooter.java:162)
	at org.apache.maven.surefire.booter.ForkedBooter.run(ForkedBooter.java:507)
	at org.apache.maven.surefire.booter.ForkedBooter.main(ForkedBooter.java:495)
Caused by: org.springframework.web.client.ResourceAccessException: I/O error on POST request for "http://localhost:53819/transfers": Read timed out
	at org.springframework.web.client.RestTemplate.createResourceAccessException(RestTemplate.java:926)
	at org.springframework.web.client.RestTemplate.doExecute(RestTemplate.java:906)
	at org.springframework.web.client.RestTemplate.execute(RestTemplate.java:801)
	at org.springframework.web.client.RestTemplate.postForObject(RestTemplate.java:518)
	at io.openfednow.gateway.HttpFedNowClient.submitCreditTransfer(HttpFedNowClient.java:110)
	... 79 common frames omitted
Caused by: java.net.SocketTimeoutException: Read timed out
	at java.base/sun.nio.ch.NioSocketImpl.timedRead(NioSocketImpl.java:288)
	at java.base/sun.nio.ch.NioSocketImpl.implRead(NioSocketImpl.java:314)
	at java.base/sun.nio.ch.NioSocketImpl.read(NioSocketImpl.java:355)
	at java.base/sun.nio.ch.NioSocketImpl$1.read(NioSocketImpl.java:808)
	at java.base/java.net.Socket$SocketInputStream.read(Socket.java:966)
	at java.base/java.io.BufferedInputStream.fill(BufferedInputStream.java:244)
	at java.base/java.io.BufferedInputStream.read1(BufferedInputStream.java:284)
	at java.base/java.io.BufferedInputStream.read(BufferedInputStream.java:343)
	at java.base/sun.net.www.http.HttpClient.parseHTTPHeader(HttpClient.java:834)
	at java.base/sun.net.www.http.HttpClient.parseHTTP(HttpClient.java:769)
	at java.base/sun.net.www.protocol.http.HttpURLConnection.getInputStream0(HttpURLConnection.java:1750)
	at java.base/sun.net.www.protocol.http.HttpURLConnection.getInputStream(HttpURLConnection.java:1644)
	at java.base/java.net.HttpURLConnection.getResponseCode(HttpURLConnection.java:529)
	at org.springframework.http.client.SimpleClientHttpResponse.getStatusCode(SimpleClientHttpResponse.java:56)
	at org.springframework.web.client.DefaultResponseErrorHandler.hasError(DefaultResponseErrorHandler.java:84)
	at org.springframework.web.client.RestTemplate.handleResponse(RestTemplate.java:942)
	at org.springframework.web.client.RestTemplate.doExecute(RestTemplate.java:902)
	... 82 common frames omitted
[INFO] Tests run: 1, Failures: 0, Errors: 0, Skipped: 0, Time elapsed: 1.548 s -- in io.openfednow.gateway.UncertainSubmissionReproducerTest
[INFO] Running io.openfednow.gateway.MessageRouterCurrencyGuardTest
08:08:45.821 [main] INFO io.openfednow.gateway.MessageRouter -- Inbound credit transfer received amount=100.00 currency=EUR sourceRail=FEDNOW
08:08:45.821 [main] INFO io.openfednow.gateway.MessageRouter -- Inbound rejected: currency EUR not supported by rail FEDNOW
08:08:45.824 [main] INFO io.openfednow.gateway.MessageRouter -- Outbound credit transfer received amount=100.00 currency=GBP
08:08:45.824 [main] INFO io.openfednow.gateway.MessageRouter -- Outbound rejected: currency GBP not supported by rail FEDNOW
08:08:45.827 [main] INFO io.openfednow.gateway.MessageRouter -- Outbound credit transfer received amount=100.00 currency=GBP
08:08:45.827 [main] INFO io.openfednow.gateway.MessageRouter -- Outbound rejected: currency GBP not supported by rail FEDNOW
08:08:45.828 [main] INFO io.openfednow.gateway.MessageRouter -- Inbound credit transfer received amount=100.00 currency=USD sourceRail=RTP
08:08:45.828 [main] INFO io.openfednow.gateway.MessageRouter -- Duplicate inbound payment suppressed e2e=E2E-CURR-TEST
08:08:45.830 [main] INFO io.openfednow.gateway.MessageRouter -- Inbound credit transfer received amount=100.00 currency=USD sourceRail=FEDNOW
08:08:45.830 [main] INFO io.openfednow.gateway.MessageRouter -- Duplicate inbound payment suppressed e2e=E2E-CURR-TEST
08:08:45.831 [main] INFO io.openfednow.gateway.MessageRouter -- Inbound credit transfer received amount=100.00 currency=EUR sourceRail=FEDNOW
08:08:45.831 [main] INFO io.openfednow.gateway.MessageRouter -- Inbound rejected: currency EUR not supported by rail FEDNOW
[INFO] Tests run: 6, Failures: 0, Errors: 0, Skipped: 0, Time elapsed: 0.015 s -- in io.openfednow.gateway.MessageRouterCurrencyGuardTest
[INFO] Running io.openfednow.gateway.MessageRouterBridgeSendsGuardTest
08:08:45.834 [main] INFO io.openfednow.gateway.MessageRouter -- Outbound credit transfer received amount=100.00 currency=USD
08:08:45.834 [main] INFO io.openfednow.gateway.MessageRouter -- Duplicate outbound payment suppressed e2e=E2E-COMPLETED
08:08:45.836 [main] INFO io.openfednow.gateway.MessageRouter -- Outbound credit transfer received amount=100.00 currency=USD
08:08:45.836 [main] WARN io.openfednow.gateway.MessageRouter -- Bridge-mode sends disabled by configuration — rejecting outbound during maintenance window e2e=E2E-SHORT
08:08:45.838 [main] INFO io.openfednow.gateway.MessageRouter -- Outbound credit transfer received amount=100.00 currency=USD
08:08:45.839 [main] INFO io.openfednow.gateway.MessageRouter -- Duplicate outbound payment suppressed e2e=E2E-GUARD-2
08:08:45.840 [main] INFO io.openfednow.gateway.MessageRouter -- Outbound credit transfer received amount=100.00 currency=USD
08:08:45.840 [main] INFO io.openfednow.gateway.MessageRouter -- Duplicate outbound payment suppressed e2e=E2E-GUARD-1
08:08:45.841 [main] INFO io.openfednow.gateway.MessageRouter -- Outbound credit transfer received amount=100.00 currency=USD
08:08:45.842 [main] WARN io.openfednow.gateway.MessageRouter -- Bridge-mode sends disabled by configuration — rejecting outbound during maintenance window e2e=E2E-GUARD-3
08:08:45.843 [main] INFO io.openfednow.gateway.MessageRouter -- Outbound credit transfer received amount=100.00 currency=USD
08:08:45.843 [main] WARN io.openfednow.gateway.MessageRouter -- Bridge-mode sends disabled by configuration — rejecting outbound during maintenance window e2e=E2E-METRIC-A
08:08:45.843 [main] INFO io.openfednow.gateway.MessageRouter -- Outbound credit transfer received amount=100.00 currency=USD
08:08:45.843 [main] WARN io.openfednow.gateway.MessageRouter -- Bridge-mode sends disabled by configuration — rejecting outbound during maintenance window e2e=E2E-METRIC-B
[INFO] Tests run: 6, Failures: 0, Errors: 0, Skipped: 0, Time elapsed: 0.011 s -- in io.openfednow.gateway.MessageRouterBridgeSendsGuardTest
[INFO] Running io.openfednow.gateway.RtpGatewayTest
08:08:45.916 [main] INFO org.hibernate.validator.internal.util.Version -- HV000001: Hibernate Validator 8.0.3.Final
08:08:46.026 [main] INFO org.springframework.mock.web.MockServletContext -- Initializing Spring TestDispatcherServlet ''
08:08:46.026 [main] INFO org.springframework.test.web.servlet.TestDispatcherServlet -- Initializing Servlet ''
08:08:46.026 [main] INFO org.springframework.test.web.servlet.TestDispatcherServlet -- Completed initialization in 0 ms
[INFO] Tests run: 10, Failures: 0, Errors: 0, Skipped: 0, Time elapsed: 0.230 s -- in io.openfednow.gateway.RtpGatewayTest
[INFO] 
[INFO] Results:
[INFO] 
[INFO] Tests run: 48, Failures: 0, Errors: 0, Skipped: 0
[INFO] 
[INFO] ------------------------------------------------------------------------
[INFO] BUILD SUCCESS
[INFO] ------------------------------------------------------------------------
[INFO] Total time:  3.980 s
[INFO] Finished at: 2026-09-29T08:08:46-04:00
[INFO] ------------------------------------------------------------------------
