
  .   ____          _            __ _ _
 /\\ / ___'_ __ _ _(_)_ __  __ _ \ \ \ \
( ( )\___ | '_ | '_| | '_ \/ _` | \ \ \ \
 \\/  ___)| |_)| | | | | || (_| |  ) ) ) )
  '  |____| .__|_| |_|_| |_\__, | / / / /
 =========|_|==============|___/=/_/_/_/

 :: Spring Boot ::               (v3.5.16)

2026-09-29T08:10:03.413-04:00 INFO  [main] io.openfednow.OpenFedNowApplication [req=?,e2e=?,txn=?] Starting OpenFedNowApplication v0.1.0-SNAPSHOT using Java 17.0.20.1 with PID 91113 (/Users/danielmori/Developer/open-fednow-clean-eval/target/openfednow-0.1.0-SNAPSHOT.jar started by danielmori in /Users/danielmori/Developer/open-fednow-clean-eval)
2026-09-29T08:10:03.414-04:00 DEBUG [main] io.openfednow.OpenFedNowApplication [req=?,e2e=?,txn=?] Running with Spring Boot v3.5.16, Spring v6.2.19
2026-09-29T08:10:03.415-04:00 INFO  [main] io.openfednow.OpenFedNowApplication [req=?,e2e=?,txn=?] No active profile set, falling back to 1 default profile: "default"
2026-09-29T08:10:04.052-04:00 INFO  [main] o.s.d.r.c.RepositoryConfigurationDelegate [req=?,e2e=?,txn=?] Multiple Spring Data modules found, entering strict repository configuration mode
2026-09-29T08:10:04.053-04:00 INFO  [main] o.s.d.r.c.RepositoryConfigurationDelegate [req=?,e2e=?,txn=?] Bootstrapping Spring Data JPA repositories in DEFAULT mode.
2026-09-29T08:10:04.065-04:00 INFO  [main] o.s.d.r.c.RepositoryConfigurationDelegate [req=?,e2e=?,txn=?] Finished Spring Data repository scanning in 7 ms. Found 0 JPA repository interfaces.
2026-09-29T08:10:04.070-04:00 INFO  [main] o.s.d.r.c.RepositoryConfigurationDelegate [req=?,e2e=?,txn=?] Multiple Spring Data modules found, entering strict repository configuration mode
2026-09-29T08:10:04.071-04:00 INFO  [main] o.s.d.r.c.RepositoryConfigurationDelegate [req=?,e2e=?,txn=?] Bootstrapping Spring Data Redis repositories in DEFAULT mode.
2026-09-29T08:10:04.076-04:00 INFO  [main] o.s.d.r.c.RepositoryConfigurationDelegate [req=?,e2e=?,txn=?] Finished Spring Data repository scanning in 1 ms. Found 0 Redis repository interfaces.
2026-09-29T08:10:04.576-04:00 INFO  [main] o.s.b.w.embedded.tomcat.TomcatWebServer [req=?,e2e=?,txn=?] Tomcat initialized with port 8080 (http)
2026-09-29T08:10:04.582-04:00 INFO  [main] o.apache.coyote.http11.Http11NioProtocol [req=?,e2e=?,txn=?] Initializing ProtocolHandler ["http-nio-8080"]
2026-09-29T08:10:04.583-04:00 INFO  [main] o.apache.catalina.core.StandardService [req=?,e2e=?,txn=?] Starting service [Tomcat]
2026-09-29T08:10:04.583-04:00 INFO  [main] org.apache.catalina.core.StandardEngine [req=?,e2e=?,txn=?] Starting Servlet engine: [Apache Tomcat/10.1.59]
2026-09-29T08:10:04.601-04:00 INFO  [main] o.a.c.c.C.[Tomcat].[localhost].[/] [req=?,e2e=?,txn=?] Initializing Spring embedded WebApplicationContext
2026-09-29T08:10:04.602-04:00 INFO  [main] o.s.b.w.s.c.ServletWebServerApplicationContext [req=?,e2e=?,txn=?] Root WebApplicationContext: initialization completed in 1165 ms
2026-09-29T08:10:04.949-04:00 INFO  [main] org.flywaydb.core.FlywayExecutor [req=?,e2e=?,txn=?] Database: jdbc:postgresql://localhost:5432/openfednow (PostgreSQL 16.15)
2026-09-29T08:10:04.974-04:00 INFO  [main] o.f.c.i.s.JdbcTableSchemaHistory [req=?,e2e=?,txn=?] Schema history table "public"."flyway_schema_history" does not exist yet
2026-09-29T08:10:04.976-04:00 INFO  [main] o.f.core.internal.command.DbValidate [req=?,e2e=?,txn=?] Successfully validated 12 migrations (execution time 00:00.011s)
2026-09-29T08:10:04.986-04:00 INFO  [main] o.f.c.i.s.JdbcTableSchemaHistory [req=?,e2e=?,txn=?] Creating Schema History table "public"."flyway_schema_history" ...
2026-09-29T08:10:05.031-04:00 INFO  [main] o.f.core.internal.command.DbMigrate [req=?,e2e=?,txn=?] Current version of schema "public": << Empty Schema >>
2026-09-29T08:10:05.039-04:00 INFO  [main] o.f.core.internal.command.DbMigrate [req=?,e2e=?,txn=?] Migrating schema "public" to version "1 - create shadow ledger transaction log"
2026-09-29T08:10:05.062-04:00 INFO  [main] o.f.core.internal.command.DbMigrate [req=?,e2e=?,txn=?] Migrating schema "public" to version "2 - create saga state"
2026-09-29T08:10:05.080-04:00 INFO  [main] o.f.core.internal.command.DbMigrate [req=?,e2e=?,txn=?] Migrating schema "public" to version "3 - create idempotency keys"
2026-09-29T08:10:05.091-04:00 INFO  [main] o.f.core.internal.command.DbMigrate [req=?,e2e=?,txn=?] Migrating schema "public" to version "4 - create reconciliation run"
2026-09-29T08:10:05.101-04:00 INFO  [main] o.f.core.internal.command.DbMigrate [req=?,e2e=?,txn=?] Migrating schema "public" to version "5 - add source rail to saga state"
2026-09-29T08:10:05.109-04:00 INFO  [main] o.f.core.internal.command.DbMigrate [req=?,e2e=?,txn=?] Migrating schema "public" to version "6 - create admin audit log"
2026-09-29T08:10:05.118-04:00 INFO  [main] o.f.core.internal.command.DbMigrate [req=?,e2e=?,txn=?] Migrating schema "public" to version "7 - add request id correlation"
2026-09-29T08:10:05.125-04:00 INFO  [main] o.f.core.internal.command.DbMigrate [req=?,e2e=?,txn=?] Migrating schema "public" to version "8 - outbound submission uncertainty"
2026-09-29T08:10:05.130-04:00 INFO  [main] o.f.core.internal.command.DbMigrate [req=?,e2e=?,txn=?] Migrating schema "public" to version "9 - create reliable payment reference"
2026-09-29T08:10:05.148-04:00 INFO  [main] o.f.core.internal.command.DbMigrate [req=?,e2e=?,txn=?] Migrating schema "public" to version "10 - synthetic async core ack"
2026-09-29T08:10:05.156-04:00 INFO  [main] o.f.core.internal.command.DbMigrate [req=?,e2e=?,txn=?] Migrating schema "public" to version "11 - reliability inquiry observability"
2026-09-29T08:10:05.160-04:00 INFO  [main] o.f.core.internal.command.DbMigrate [req=?,e2e=?,txn=?] Migrating schema "public" to version "12 - synthetic core availability"
2026-09-29T08:10:05.165-04:00 INFO  [main] o.f.core.internal.command.DbMigrate [req=?,e2e=?,txn=?] Successfully applied 12 migrations to schema "public", now at version v12 (execution time 00:00.067s)
2026-09-29T08:10:05.206-04:00 DEBUG [main] io.openfednow.gateway.CorrelationFilter [req=?,e2e=?,txn=?] Filter 'correlationFilter' configured for use
2026-09-29T08:10:05.207-04:00 DEBUG [main] i.o.gateway.ratelimit.RateLimitFilter [req=?,e2e=?,txn=?] Filter 'rateLimitFilter' configured for use
2026-09-29T08:10:05.207-04:00 DEBUG [main] i.o.g.s.JwsInboundVerificationFilter [req=?,e2e=?,txn=?] Filter 'jwsInboundVerificationFilter' configured for use
2026-09-29T08:10:05.207-04:00 DEBUG [main] i.o.s.audit.AdminAccessAuditFilter [req=?,e2e=?,txn=?] Filter 'adminAccessAuditFilter' configured for use
2026-09-29T08:10:05.436-04:00 INFO  [main] o.s.o.j.p.SpringPersistenceUnitInfo [req=?,e2e=?,txn=?] No LoadTimeWeaver setup: ignoring JPA class transformer
2026-09-29T08:10:05.599-04:00 INFO  [main] o.s.o.j.LocalContainerEntityManagerFactoryBean [req=?,e2e=?,txn=?] Initialized JPA EntityManagerFactory for persistence unit 'default'
2026-09-29T08:10:05.992-04:00 INFO  [main] i.o.reliability.ReliabilityRailConfig [req=?,e2e=?,txn=?] Synthetic reliability rail configured=true
2026-09-29T08:10:06.117-04:00 WARN  [main] o.s.b.a.o.j.JpaBaseConfiguration$JpaWebConfiguration [req=?,e2e=?,txn=?] spring.jpa.open-in-view is enabled by default. Therefore, database queries may be performed during view rendering. Explicitly configure spring.jpa.open-in-view to disable this warning
2026-09-29T08:10:06.310-04:00 INFO  [main] o.s.b.a.e.web.EndpointLinksResolver [req=?,e2e=?,txn=?] Exposing 3 endpoints beneath base path '/actuator'
2026-09-29T08:10:06.337-04:00 INFO  [main] o.s.s.c.a.a.c.InitializeUserDetailsBeanManagerConfigurer$InitializeUserDetailsManagerConfigurer [req=?,e2e=?,txn=?] Global AuthenticationManager configured with UserDetailsService bean with name userDetailsService
2026-09-29T08:10:06.959-04:00 INFO  [main] o.apache.coyote.http11.Http11NioProtocol [req=?,e2e=?,txn=?] Starting ProtocolHandler ["http-nio-8080"]
2026-09-29T08:10:06.968-04:00 INFO  [main] o.s.b.w.embedded.tomcat.TomcatWebServer [req=?,e2e=?,txn=?] Tomcat started on port 8080 (http) with context path '/'
2026-09-29T08:10:06.982-04:00 INFO  [main] io.openfednow.OpenFedNowApplication [req=?,e2e=?,txn=?] Started OpenFedNowApplication in 3.902 seconds (process running for 4.116)
2026-09-29T08:10:06.984-04:00 DEBUG [scheduling-1] i.o.shadowledger.AvailabilityBridge [req=?,e2e=?,txn=?] Core availability poll: mode=ONLINE
2026-09-29T08:10:07.000-04:00 WARN  [main] o.s.core.events.SpringDocAppInitializer [req=?,e2e=?,txn=?] SpringDoc /v3/api-docs endpoint is enabled by default. To disable it in production, set the property 'springdoc.api-docs.enabled=false'
2026-09-29T08:10:07.000-04:00 WARN  [main] o.s.core.events.SpringDocAppInitializer [req=?,e2e=?,txn=?] SpringDoc /swagger-ui.html endpoint is enabled by default. To disable it in production, set the property 'springdoc.swagger-ui.enabled=false'
2026-09-29T08:10:07.002-04:00 INFO  [main] i.o.processing.saga.SagaRecoveryService [req=?,e2e=?,txn=?] Saga recovery: no in-flight sagas found at startup
2026-09-29T08:10:07.003-04:00 INFO  [main] i.o.shadowledger.BalanceSeedService [req=?,e2e=?,txn=?] Shadow Ledger startup seed: no accounts configured (openfednow.shadow-ledger.seed-accounts is empty)
2026-09-29T08:10:07.180-04:00 INFO  [http-nio-8080-exec-1] o.a.c.c.C.[Tomcat].[localhost].[/] [req=?,e2e=?,txn=?] Initializing Spring DispatcherServlet 'dispatcherServlet'
2026-09-29T08:10:07.180-04:00 INFO  [http-nio-8080-exec-1] o.s.web.servlet.DispatcherServlet [req=?,e2e=?,txn=?] Initializing Servlet 'dispatcherServlet'
2026-09-29T08:10:07.181-04:00 INFO  [http-nio-8080-exec-1] o.s.web.servlet.DispatcherServlet [req=?,e2e=?,txn=?] Completed initialization in 1 ms
2026-09-29T08:10:08.562-04:00 WARN  [http-nio-8080-exec-1] i.o.reliability.ReliablePaymentService [req=8725794e-99d4-4a34-b428-140fcd3f44e4,e2e=?,txn=?] Synthetic payment submission unresolved operationId=d359dcbb-708d-4b90-8759-f963f5dd9d5f cause=org.springframework.web.client.ResourceAccessException: I/O error on POST request for "http://127.0.0.1:8099/submit": Unexpected end of file from server
2026-09-29T08:10:12.812-04:00 WARN  [http-nio-8080-exec-9] i.o.reliability.ReliablePaymentService [req=2bb81ca3-fa71-4e56-bb7c-f62a1bdb15d6,e2e=?,txn=?] Synthetic payment submission unresolved operationId=1d255cfe-0417-49b9-b5e4-512889574de1 cause=org.springframework.web.client.ResourceAccessException: I/O error on POST request for "http://127.0.0.1:8099/submit": Unexpected end of file from server
2026-09-29T08:10:16.984-04:00 DEBUG [scheduling-1] i.o.processing.saga.SagaTimeoutMonitor [req=?,e2e=?,txn=?] Saga timeout monitor: no sagas exceeded 30s threshold
2026-09-29T08:10:22.700-04:00 WARN  [http-nio-8080-exec-3] i.o.reliability.ReliablePaymentService [req=6d5f6999-8a5d-4f34-8bd0-22e24e94f116,e2e=?,txn=?] Synthetic payment submission unresolved operationId=dcd21fe6-78fa-4c41-82c4-0766bc6931ef cause=org.springframework.web.client.ResourceAccessException: I/O error on POST request for "http://127.0.0.1:8099/submit": Unexpected end of file from server
2026-09-29T08:10:26.990-04:00 DEBUG [scheduling-1] i.o.processing.saga.SagaTimeoutMonitor [req=?,e2e=?,txn=?] Saga timeout monitor: no sagas exceeded 30s threshold
2026-09-29T08:10:27.721-04:00 WARN  [http-nio-8080-exec-2] i.o.reliability.ReliablePaymentService [req=b12b8b56-c05e-4614-930c-46bbd8705045,e2e=?,txn=?] Synthetic payment submission unresolved operationId=873425bc-c663-42a3-802c-6e3013111e0a cause=org.springframework.web.client.ResourceAccessException: I/O error on POST request for "http://127.0.0.1:8099/submit": Unexpected end of file from server
2026-09-29T08:10:36.989-04:00 DEBUG [scheduling-1] i.o.shadowledger.AvailabilityBridge [req=?,e2e=?,txn=?] Core availability poll: mode=ONLINE
2026-09-29T08:10:36.992-04:00 DEBUG [scheduling-1] i.o.processing.saga.SagaTimeoutMonitor [req=?,e2e=?,txn=?] Saga timeout monitor: no sagas exceeded 30s threshold
2026-09-29T08:10:37.558-04:00 WARN  [http-nio-8080-exec-8] i.o.reliability.ReliablePaymentService [req=c31b2aa0-a457-4c68-8347-4727c7ed4dd9,e2e=?,txn=?] Synthetic payment submission unresolved operationId=e37815ad-3955-45d9-9afd-241be42e9de6 cause=org.springframework.web.client.ResourceAccessException: I/O error on POST request for "http://127.0.0.1:8099/submit": Unexpected end of file from server
2026-09-29T08:10:42.807-04:00 WARN  [http-nio-8080-exec-9] i.o.reliability.ReliablePaymentService [req=8b54e070-f37b-4401-b40c-db009f3ae99f,e2e=?,txn=?] Synthetic payment submission unresolved operationId=9aa35a26-6938-409e-ba78-836622cc01fa cause=org.springframework.web.client.ResourceAccessException: I/O error on POST request for "http://127.0.0.1:8099/submit": Unexpected end of file from server
2026-09-29T08:10:46.995-04:00 DEBUG [scheduling-1] i.o.processing.saga.SagaTimeoutMonitor [req=?,e2e=?,txn=?] Saga timeout monitor: no sagas exceeded 30s threshold
2026-09-29T08:10:51.768-04:00 WARN  [http-nio-8080-exec-4] i.o.reliability.ReliablePaymentService [req=8423b6c6-559f-4b73-8f3c-8de2ee51f982,e2e=?,txn=?] Synthetic payment submission unresolved operationId=ebb013b9-0159-4f7c-8e47-6852988b3a92 cause=org.springframework.web.client.RestClientException: Error while extracting response for type [class io.openfednow.reliability.RailObservation] and content type [application/json]
2026-09-29T08:10:52.205-04:00 WARN  [http-nio-8080-exec-10] i.o.reliability.ReliablePaymentService [req=b554a838-8001-4604-a839-1d2e95c49dd7,e2e=?,txn=?] Synthetic payment submission unresolved operationId=dea302ec-2645-4f33-9562-4b02c5969e47 cause=org.springframework.web.client.HttpServerErrorException$ServiceUnavailable: 503 Service Unavailable on POST request for "http://127.0.0.1:8099/submit": "{"error": "synthetic submission response unavailable"}"
2026-09-29T08:10:53.072-04:00 WARN  [http-nio-8080-exec-7] i.o.reliability.ReliablePaymentService [req=982ea171-7b9f-48cc-af94-b82a0949157f,e2e=?,txn=?] Synthetic payment submission unresolved operationId=edb37772-735f-430c-8faa-5184201ef303 cause=org.springframework.web.client.ResourceAccessException: I/O error on POST request for "http://127.0.0.1:8099/submit": Unexpected end of file from server
2026-09-29T08:10:56.999-04:00 DEBUG [scheduling-1] i.o.processing.saga.SagaTimeoutMonitor [req=?,e2e=?,txn=?] Saga timeout monitor: no sagas exceeded 30s threshold
2026-09-29T08:10:57.766-04:00 WARN  [http-nio-8080-exec-4] i.o.reliability.ReliablePaymentService [req=27f8007e-f204-4dc2-9216-89e3adc46f30,e2e=?,txn=?] Synthetic payment submission unresolved operationId=8e6bf862-dec0-4926-8c82-f2809a6f39b3 cause=org.springframework.web.client.ResourceAccessException: I/O error on POST request for "http://127.0.0.1:8099/submit": Unexpected end of file from server
2026-09-29T08:11:02.155-04:00 WARN  [scheduling-1] i.o.reliability.ReliabilityInquiryWorker [req=?,e2e=?,txn=?] Synthetic inquiry unavailable operationId=8e6bf862-dec0-4926-8c82-f2809a6f39b3
2026-09-29T08:11:02.763-04:00 WARN  [http-nio-8080-exec-5] i.o.reliability.ReliablePaymentService [req=281678dc-1120-4b5d-a922-c6cec9bbd154,e2e=?,txn=?] Synthetic payment submission unresolved operationId=d644335b-a2f6-4c80-a235-bc353f84abf1 cause=org.springframework.web.client.ResourceAccessException: I/O error on POST request for "http://127.0.0.1:8099/submit": Unexpected end of file from server
2026-09-29T08:11:06.989-04:00 DEBUG [scheduling-1] i.o.shadowledger.AvailabilityBridge [req=?,e2e=?,txn=?] Core availability poll: mode=ONLINE
2026-09-29T08:11:07.003-04:00 DEBUG [scheduling-1] i.o.processing.saga.SagaTimeoutMonitor [req=?,e2e=?,txn=?] Saga timeout monitor: no sagas exceeded 30s threshold
2026-09-29T08:11:07.169-04:00 WARN  [scheduling-1] i.o.reliability.ReliabilityInquiryWorker [req=?,e2e=?,txn=?] Synthetic inquiry unavailable operationId=d644335b-a2f6-4c80-a235-bc353f84abf1
2026-09-29T08:11:07.770-04:00 WARN  [http-nio-8080-exec-2] i.o.reliability.ReliablePaymentService [req=1523da14-0c46-410f-9d3c-a0b59b1056d5,e2e=?,txn=?] Synthetic payment submission unresolved operationId=3424e67f-3a48-4265-a5d1-8569bf616592 cause=org.springframework.web.client.ResourceAccessException: I/O error on POST request for "http://127.0.0.1:8099/submit": Unexpected end of file from server
2026-09-29T08:11:12.762-04:00 WARN  [http-nio-8080-exec-3] i.o.reliability.ReliablePaymentService [req=11d3df7c-df29-478d-b3c7-eda03e258b08,e2e=?,txn=?] Synthetic payment submission unresolved operationId=2f6841e2-4a40-4b47-b364-d51f24a9fba0 cause=org.springframework.web.client.ResourceAccessException: I/O error on POST request for "http://127.0.0.1:8099/submit": Unexpected end of file from server
2026-09-29T08:11:17.009-04:00 DEBUG [scheduling-1] i.o.processing.saga.SagaTimeoutMonitor [req=?,e2e=?,txn=?] Saga timeout monitor: no sagas exceeded 30s threshold
2026-09-29T08:11:17.194-04:00 WARN  [scheduling-1] i.o.reliability.ReliabilityInquiryWorker [req=?,e2e=?,txn=?] Synthetic inquiry unavailable operationId=2f6841e2-4a40-4b47-b364-d51f24a9fba0
2026-09-29T08:11:19.071-04:00 INFO  [SpringApplicationShutdownHook] o.s.b.w.embedded.tomcat.GracefulShutdown [req=?,e2e=?,txn=?] Commencing graceful shutdown. Waiting for active requests to complete
2026-09-29T08:11:19.078-04:00 INFO  [tomcat-shutdown] o.s.b.w.embedded.tomcat.GracefulShutdown [req=?,e2e=?,txn=?] Graceful shutdown complete
2026-09-29T08:11:19.087-04:00 INFO  [SpringApplicationShutdownHook] o.s.o.j.LocalContainerEntityManagerFactoryBean [req=?,e2e=?,txn=?] Closing JPA EntityManagerFactory for persistence unit 'default'
