
  .   ____          _            __ _ _
 /\\ / ___'_ __ _ _(_)_ __  __ _ \ \ \ \
( ( )\___ | '_ | '_| | '_ \/ _` | \ \ \ \
 \\/  ___)| |_)| | | | | || (_| |  ) ) ) )
  '  |____| .__|_| |_|_| |_\__, | / / / /
 =========|_|==============|___/=/_/_/_/

 :: Spring Boot ::               (v3.5.16)

2026-09-29T08:11:19.798-04:00 INFO  [main] io.openfednow.OpenFedNowApplication [req=?,e2e=?,txn=?] Starting OpenFedNowApplication v0.1.0-SNAPSHOT using Java 17.0.20.1 with PID 91166 (/Users/danielmori/Developer/open-fednow-clean-eval/target/openfednow-0.1.0-SNAPSHOT.jar started by danielmori in /Users/danielmori/Developer/open-fednow-clean-eval)
2026-09-29T08:11:19.800-04:00 DEBUG [main] io.openfednow.OpenFedNowApplication [req=?,e2e=?,txn=?] Running with Spring Boot v3.5.16, Spring v6.2.19
2026-09-29T08:11:19.800-04:00 INFO  [main] io.openfednow.OpenFedNowApplication [req=?,e2e=?,txn=?] No active profile set, falling back to 1 default profile: "default"
2026-09-29T08:11:20.580-04:00 INFO  [main] o.s.d.r.c.RepositoryConfigurationDelegate [req=?,e2e=?,txn=?] Multiple Spring Data modules found, entering strict repository configuration mode
2026-09-29T08:11:20.582-04:00 INFO  [main] o.s.d.r.c.RepositoryConfigurationDelegate [req=?,e2e=?,txn=?] Bootstrapping Spring Data JPA repositories in DEFAULT mode.
2026-09-29T08:11:20.596-04:00 INFO  [main] o.s.d.r.c.RepositoryConfigurationDelegate [req=?,e2e=?,txn=?] Finished Spring Data repository scanning in 9 ms. Found 0 JPA repository interfaces.
2026-09-29T08:11:20.603-04:00 INFO  [main] o.s.d.r.c.RepositoryConfigurationDelegate [req=?,e2e=?,txn=?] Multiple Spring Data modules found, entering strict repository configuration mode
2026-09-29T08:11:20.603-04:00 INFO  [main] o.s.d.r.c.RepositoryConfigurationDelegate [req=?,e2e=?,txn=?] Bootstrapping Spring Data Redis repositories in DEFAULT mode.
2026-09-29T08:11:20.609-04:00 INFO  [main] o.s.d.r.c.RepositoryConfigurationDelegate [req=?,e2e=?,txn=?] Finished Spring Data repository scanning in 1 ms. Found 0 Redis repository interfaces.
2026-09-29T08:11:21.255-04:00 INFO  [main] o.s.b.w.embedded.tomcat.TomcatWebServer [req=?,e2e=?,txn=?] Tomcat initialized with port 8082 (http)
2026-09-29T08:11:21.262-04:00 INFO  [main] o.apache.coyote.http11.Http11NioProtocol [req=?,e2e=?,txn=?] Initializing ProtocolHandler ["http-nio-8082"]
2026-09-29T08:11:21.264-04:00 INFO  [main] o.apache.catalina.core.StandardService [req=?,e2e=?,txn=?] Starting service [Tomcat]
2026-09-29T08:11:21.264-04:00 INFO  [main] org.apache.catalina.core.StandardEngine [req=?,e2e=?,txn=?] Starting Servlet engine: [Apache Tomcat/10.1.59]
2026-09-29T08:11:21.285-04:00 INFO  [main] o.a.c.c.C.[Tomcat].[localhost].[/] [req=?,e2e=?,txn=?] Initializing Spring embedded WebApplicationContext
2026-09-29T08:11:21.285-04:00 INFO  [main] o.s.b.w.s.c.ServletWebServerApplicationContext [req=?,e2e=?,txn=?] Root WebApplicationContext: initialization completed in 1458 ms
2026-09-29T08:11:21.727-04:00 INFO  [main] org.flywaydb.core.FlywayExecutor [req=?,e2e=?,txn=?] Database: jdbc:postgresql://localhost:5432/openfednow (PostgreSQL 16.15)
2026-09-29T08:11:21.762-04:00 INFO  [main] o.f.core.internal.command.DbValidate [req=?,e2e=?,txn=?] Successfully validated 12 migrations (execution time 00:00.018s)
2026-09-29T08:11:21.784-04:00 INFO  [main] o.f.core.internal.command.DbMigrate [req=?,e2e=?,txn=?] Current version of schema "public": 12
2026-09-29T08:11:21.786-04:00 INFO  [main] o.f.core.internal.command.DbMigrate [req=?,e2e=?,txn=?] Schema "public" is up to date. No migration necessary.
2026-09-29T08:11:21.838-04:00 DEBUG [main] io.openfednow.gateway.CorrelationFilter [req=?,e2e=?,txn=?] Filter 'correlationFilter' configured for use
2026-09-29T08:11:21.843-04:00 DEBUG [main] i.o.gateway.ratelimit.RateLimitFilter [req=?,e2e=?,txn=?] Filter 'rateLimitFilter' configured for use
2026-09-29T08:11:21.843-04:00 DEBUG [main] i.o.g.s.JwsInboundVerificationFilter [req=?,e2e=?,txn=?] Filter 'jwsInboundVerificationFilter' configured for use
2026-09-29T08:11:21.843-04:00 DEBUG [main] i.o.s.audit.AdminAccessAuditFilter [req=?,e2e=?,txn=?] Filter 'adminAccessAuditFilter' configured for use
2026-09-29T08:11:22.109-04:00 INFO  [main] o.s.o.j.p.SpringPersistenceUnitInfo [req=?,e2e=?,txn=?] No LoadTimeWeaver setup: ignoring JPA class transformer
2026-09-29T08:11:22.276-04:00 INFO  [main] o.s.o.j.LocalContainerEntityManagerFactoryBean [req=?,e2e=?,txn=?] Initialized JPA EntityManagerFactory for persistence unit 'default'
2026-09-29T08:11:22.756-04:00 INFO  [main] i.o.reliability.ReliabilityRailConfig [req=?,e2e=?,txn=?] Synthetic reliability rail configured=true
2026-09-29T08:11:22.901-04:00 WARN  [main] o.s.b.a.o.j.JpaBaseConfiguration$JpaWebConfiguration [req=?,e2e=?,txn=?] spring.jpa.open-in-view is enabled by default. Therefore, database queries may be performed during view rendering. Explicitly configure spring.jpa.open-in-view to disable this warning
2026-09-29T08:11:23.114-04:00 INFO  [main] o.s.b.a.e.web.EndpointLinksResolver [req=?,e2e=?,txn=?] Exposing 3 endpoints beneath base path '/actuator'
2026-09-29T08:11:23.139-04:00 INFO  [main] o.s.s.c.a.a.c.InitializeUserDetailsBeanManagerConfigurer$InitializeUserDetailsManagerConfigurer [req=?,e2e=?,txn=?] Global AuthenticationManager configured with UserDetailsService bean with name userDetailsService
2026-09-29T08:11:23.809-04:00 INFO  [main] o.apache.coyote.http11.Http11NioProtocol [req=?,e2e=?,txn=?] Starting ProtocolHandler ["http-nio-8082"]
2026-09-29T08:11:23.816-04:00 INFO  [main] o.s.b.w.embedded.tomcat.TomcatWebServer [req=?,e2e=?,txn=?] Tomcat started on port 8082 (http) with context path '/'
2026-09-29T08:11:23.828-04:00 INFO  [main] io.openfednow.OpenFedNowApplication [req=?,e2e=?,txn=?] Started OpenFedNowApplication in 4.411 seconds (process running for 4.637)
2026-09-29T08:11:23.831-04:00 DEBUG [scheduling-1] i.o.shadowledger.AvailabilityBridge [req=?,e2e=?,txn=?] Core availability poll: mode=ONLINE
2026-09-29T08:11:23.847-04:00 WARN  [main] o.s.core.events.SpringDocAppInitializer [req=?,e2e=?,txn=?] SpringDoc /v3/api-docs endpoint is enabled by default. To disable it in production, set the property 'springdoc.api-docs.enabled=false'
2026-09-29T08:11:23.847-04:00 WARN  [main] o.s.core.events.SpringDocAppInitializer [req=?,e2e=?,txn=?] SpringDoc /swagger-ui.html endpoint is enabled by default. To disable it in production, set the property 'springdoc.swagger-ui.enabled=false'
2026-09-29T08:11:23.852-04:00 INFO  [main] i.o.processing.saga.SagaRecoveryService [req=?,e2e=?,txn=?] Saga recovery: no in-flight sagas found at startup
2026-09-29T08:11:23.853-04:00 INFO  [main] i.o.shadowledger.BalanceSeedService [req=?,e2e=?,txn=?] Shadow Ledger startup seed: no accounts configured (openfednow.shadow-ledger.seed-accounts is empty)
2026-09-29T08:11:24.135-04:00 INFO  [http-nio-8082-exec-1] o.a.c.c.C.[Tomcat].[localhost].[/] [req=?,e2e=?,txn=?] Initializing Spring DispatcherServlet 'dispatcherServlet'
2026-09-29T08:11:24.136-04:00 INFO  [http-nio-8082-exec-1] o.s.web.servlet.DispatcherServlet [req=?,e2e=?,txn=?] Initializing Servlet 'dispatcherServlet'
2026-09-29T08:11:24.136-04:00 INFO  [http-nio-8082-exec-1] o.s.web.servlet.DispatcherServlet [req=?,e2e=?,txn=?] Completed initialization in 0 ms
2026-09-29T08:11:33.834-04:00 DEBUG [scheduling-1] i.o.processing.saga.SagaTimeoutMonitor [req=?,e2e=?,txn=?] Saga timeout monitor: no sagas exceeded 30s threshold
2026-09-29T08:11:41.865-04:00 INFO  [SpringApplicationShutdownHook] o.s.b.w.embedded.tomcat.GracefulShutdown [req=?,e2e=?,txn=?] Commencing graceful shutdown. Waiting for active requests to complete
2026-09-29T08:11:41.871-04:00 INFO  [tomcat-shutdown] o.s.b.w.embedded.tomcat.GracefulShutdown [req=?,e2e=?,txn=?] Graceful shutdown complete
2026-09-29T08:11:41.879-04:00 INFO  [SpringApplicationShutdownHook] o.s.o.j.LocalContainerEntityManagerFactoryBean [req=?,e2e=?,txn=?] Closing JPA EntityManagerFactory for persistence unit 'default'
